loaded tokenizer from checkpoints/002-rope/tokenizer.json
step 0 train_loss 7.1724 val_loss 7.0400 expert_frac [0.53, 0.48, 0.49, 0.50] aux 8.0205
step 1 train_loss 7.1264
step 2 train_loss 7.0868
step 3 train_loss 7.0634
step 4 train_loss 7.0141
step 5 train_loss 6.9934
step 6 train_loss 6.9418
step 7 train_loss 6.9074
step 8 train_loss 6.8727
step 9 train_loss 6.8349
step 10 train_loss 6.8016
step 11 train_loss 6.7687
step 12 train_loss 6.7280
step 13 train_loss 6.6969
step 14 train_loss 6.6751
step 15 train_loss 6.6233
step 16 train_loss 6.6105
step 17 train_loss 6.5965
step 18 train_loss 6.5666
step 19 train_loss 6.5355
step 20 train_loss 6.5178
step 21 train_loss 6.5075
step 22 train_loss 6.4903
step 23 train_loss 6.4689
step 24 train_loss 6.4459
step 25 train_loss 6.4345
step 26 train_loss 6.4290
step 27 train_loss 6.3798
step 28 train_loss 6.3873
step 29 train_loss 6.3564
step 30 train_loss 6.3462
step 31 train_loss 6.3481
step 32 train_loss 6.3273
step 33 train_loss 6.3450
step 34 train_loss 6.2950
step 35 train_loss 6.3032
step 36 train_loss 6.2888
step 37 train_loss 6.2664
step 38 train_loss 6.2498
step 39 train_loss 6.2650
step 40 train_loss 6.2186
step 41 train_loss 6.2377
step 42 train_loss 6.2287
step 43 train_loss 6.2145
step 44 train_loss 6.1802
step 45 train_loss 6.2019
step 46 train_loss 6.1785
step 47 train_loss 6.1844
step 48 train_loss 6.1562
step 49 train_loss 6.1277
step 50 train_loss 6.1256 val_loss 6.0899 expert_frac [0.49, 0.48, 0.51, 0.52] aux 8.0106
step 51 train_loss 6.1341
step 52 train_loss 6.1083
step 53 train_loss 6.1118
step 54 train_loss 6.1099
step 55 train_loss 6.0802
step 56 train_loss 6.0809
step 57 train_loss 6.0689
step 58 train_loss 6.0596
step 59 train_loss 6.0383
step 60 train_loss 6.0287
step 61 train_loss 6.0296
step 62 train_loss 6.0061
step 63 train_loss 5.9978
step 64 train_loss 5.9906
step 65 train_loss 5.9719
step 66 train_loss 5.9431
step 67 train_loss 5.9562
step 68 train_loss 5.9329
step 69 train_loss 5.9152
step 70 train_loss 5.9199
step 71 train_loss 5.8945
step 72 train_loss 5.8727
step 73 train_loss 5.8568
step 74 train_loss 5.8436
step 75 train_loss 5.8528
step 76 train_loss 5.8535
step 77 train_loss 5.8172
step 78 train_loss 5.8208
step 79 train_loss 5.7759
step 80 train_loss 5.7899
step 81 train_loss 5.7547
step 82 train_loss 5.7675
step 83 train_loss 5.7354
step 84 train_loss 5.6982
step 85 train_loss 5.7076
step 86 train_loss 5.6836
step 87 train_loss 5.6652
step 88 train_loss 5.6534
step 89 train_loss 5.6120
step 90 train_loss 5.6296
step 91 train_loss 5.6288
step 92 train_loss 5.5888
step 93 train_loss 5.5911
step 94 train_loss 5.5586
step 95 train_loss 5.5694
step 96 train_loss 5.5555
step 97 train_loss 5.5089
step 98 train_loss 5.5145
step 99 train_loss 5.5004
step 100 train_loss 5.4584 val_loss 5.5567 expert_frac [0.50, 0.49, 0.51, 0.50] aux 8.0053
step 101 train_loss 5.4638
step 102 train_loss 5.4243
step 103 train_loss 5.4549
step 104 train_loss 5.4105
step 105 train_loss 5.4311
step 106 train_loss 5.4023
step 107 train_loss 5.3796
step 108 train_loss 5.3945
step 109 train_loss 5.3569
step 110 train_loss 5.3125
step 111 train_loss 5.3589
step 112 train_loss 5.3027
step 113 train_loss 5.2801
step 114 train_loss 5.3024
step 115 train_loss 5.2296
step 116 train_loss 5.2742
step 117 train_loss 5.2934
step 118 train_loss 5.2492
step 119 train_loss 5.2603
step 120 train_loss 5.1995
step 121 train_loss 5.2291
step 122 train_loss 5.1872
step 123 train_loss 5.2154
step 124 train_loss 5.2044
step 125 train_loss 5.2083
step 126 train_loss 5.1415
step 127 train_loss 5.1442
step 128 train_loss 5.1423
step 129 train_loss 5.1270
step 130 train_loss 5.1219
step 131 train_loss 5.1238
step 132 train_loss 5.0804
step 133 train_loss 5.1137
step 134 train_loss 5.0842
step 135 train_loss 5.0835
step 136 train_loss 5.0435
step 137 train_loss 5.0708
step 138 train_loss 5.0599
step 139 train_loss 5.0315
step 140 train_loss 5.0299
step 141 train_loss 5.0185
step 142 train_loss 5.0249
step 143 train_loss 4.9997
step 144 train_loss 5.0150
step 145 train_loss 4.9937
step 146 train_loss 4.9865
step 147 train_loss 4.9645
step 148 train_loss 4.9972
step 149 train_loss 4.9624
step 150 train_loss 4.9630 val_loss 5.1270 expert_frac [0.50, 0.50, 0.51, 0.50] aux 8.0136
step 151 train_loss 4.9765
step 152 train_loss 4.9538
step 153 train_loss 4.8933
step 154 train_loss 4.9262
step 155 train_loss 4.9030
step 156 train_loss 4.9031
step 157 train_loss 4.8870
step 158 train_loss 4.9221
step 159 train_loss 4.9017
step 160 train_loss 4.9372
step 161 train_loss 4.8884
step 162 train_loss 4.8988
step 163 train_loss 4.8825
step 164 train_loss 4.8835
step 165 train_loss 4.8633
step 166 train_loss 4.8524
step 167 train_loss 4.9031
step 168 train_loss 4.8671
step 169 train_loss 4.8758
step 170 train_loss 4.8165
step 171 train_loss 4.8529
step 172 train_loss 4.8350
step 173 train_loss 4.8406
step 174 train_loss 4.7921
step 175 train_loss 4.8586
step 176 train_loss 4.8398
step 177 train_loss 4.7817
step 178 train_loss 4.8184
step 179 train_loss 4.7782
step 180 train_loss 4.7179
step 181 train_loss 4.7889
step 182 train_loss 4.7535
step 183 train_loss 4.7767
step 184 train_loss 4.8243
step 185 train_loss 4.7291
step 186 train_loss 4.7131
step 187 train_loss 4.7329
step 188 train_loss 4.7742
step 189 train_loss 4.7386
step 190 train_loss 4.7775
step 191 train_loss 4.7277
step 192 train_loss 4.7170
step 193 train_loss 4.7082
step 194 train_loss 4.7016
step 195 train_loss 4.7626
step 196 train_loss 4.7146
step 197 train_loss 4.6877
step 198 train_loss 4.6948
step 199 train_loss 4.7127
step 200 train_loss 4.6866 val_loss 4.9122 expert_frac [0.49, 0.49, 0.52, 0.51] aux 8.0059
step 201 train_loss 4.7221
step 202 train_loss 4.6912
step 203 train_loss 4.7015
step 204 train_loss 4.6955
step 205 train_loss 4.6658
step 206 train_loss 4.7017
step 207 train_loss 4.6827
step 208 train_loss 4.6855
step 209 train_loss 4.7037
step 210 train_loss 4.6250
step 211 train_loss 4.7061
step 212 train_loss 4.6625
step 213 train_loss 4.5922
step 214 train_loss 4.6462
step 215 train_loss 4.6845
step 216 train_loss 4.6191
step 217 train_loss 4.6292
step 218 train_loss 4.6337
step 219 train_loss 4.6593
step 220 train_loss 4.6421
step 221 train_loss 4.6457
step 222 train_loss 4.6365
step 223 train_loss 4.6348
step 224 train_loss 4.6605
step 225 train_loss 4.5882
step 226 train_loss 4.5976
step 227 train_loss 4.5724
step 228 train_loss 4.7074
step 229 train_loss 4.5923
step 230 train_loss 4.6047
step 231 train_loss 4.5795
step 232 train_loss 4.6050
step 233 train_loss 4.6280
step 234 train_loss 4.6234
step 235 train_loss 4.6142
step 236 train_loss 4.6085
step 237 train_loss 4.5722
step 238 train_loss 4.5976
step 239 train_loss 4.6379
step 240 train_loss 4.5874
step 241 train_loss 4.6039
step 242 train_loss 4.5723
step 243 train_loss 4.5695
step 244 train_loss 4.6128
step 245 train_loss 4.5290
step 246 train_loss 4.6084
step 247 train_loss 4.6105
step 248 train_loss 4.5911
step 249 train_loss 4.6058
step 250 train_loss 4.5972 val_loss 4.8156 expert_frac [0.51, 0.48, 0.51, 0.50] aux 8.0043
step 251 train_loss 4.6001
step 252 train_loss 4.6250
step 253 train_loss 4.5762
step 254 train_loss 4.6039
step 255 train_loss 4.5298
step 256 train_loss 4.5300
step 257 train_loss 4.5124
step 258 train_loss 4.5688
step 259 train_loss 4.5451
step 260 train_loss 4.5008
step 261 train_loss 4.5458
step 262 train_loss 4.5109
step 263 train_loss 4.5740
step 264 train_loss 4.5219
step 265 train_loss 4.5735
step 266 train_loss 4.5483
step 267 train_loss 4.5343
step 268 train_loss 4.4573
step 269 train_loss 4.5125
step 270 train_loss 4.4855
step 271 train_loss 4.5123
step 272 train_loss 4.5449
step 273 train_loss 4.4966
step 274 train_loss 4.4859
step 275 train_loss 4.5145
step 276 train_loss 4.5195
step 277 train_loss 4.4963
step 278 train_loss 4.5016
step 279 train_loss 4.4870
step 280 train_loss 4.4863
step 281 train_loss 4.4943
step 282 train_loss 4.4551
step 283 train_loss 4.4787
step 284 train_loss 4.4976
step 285 train_loss 4.4487
step 286 train_loss 4.4276
step 287 train_loss 4.4904
step 288 train_loss 4.5160
step 289 train_loss 4.4760
step 290 train_loss 4.4862
step 291 train_loss 4.4875
step 292 train_loss 4.4236
step 293 train_loss 4.5022
step 294 train_loss 4.5131
step 295 train_loss 4.4798
step 296 train_loss 4.4162
step 297 train_loss 4.4660
step 298 train_loss 4.3862
step 299 train_loss 4.4452
step 300 train_loss 4.4150 val_loss 4.6704 expert_frac [0.50, 0.49, 0.51, 0.49] aux 7.9945
step 301 train_loss 4.3634
step 302 train_loss 4.4469
step 303 train_loss 4.4430
step 304 train_loss 4.4527
step 305 train_loss 4.4138
step 306 train_loss 4.4259
step 307 train_loss 4.4917
step 308 train_loss 4.4142
step 309 train_loss 4.4740
step 310 train_loss 4.4771
step 311 train_loss 4.4140
step 312 train_loss 4.4556
step 313 train_loss 4.4099
step 314 train_loss 4.4118
step 315 train_loss 4.4337
step 316 train_loss 4.4005
step 317 train_loss 4.4486
step 318 train_loss 4.3551
step 319 train_loss 4.3942
step 320 train_loss 4.3405
step 321 train_loss 4.3848
step 322 train_loss 4.3890
step 323 train_loss 4.3662
step 324 train_loss 4.4085
step 325 train_loss 4.3670
step 326 train_loss 4.3821
step 327 train_loss 4.3809
step 328 train_loss 4.4116
step 329 train_loss 4.3676
step 330 train_loss 4.3569
step 331 train_loss 4.3600
step 332 train_loss 4.3446
step 333 train_loss 4.3765
step 334 train_loss 4.3723
step 335 train_loss 4.3782
step 336 train_loss 4.3942
step 337 train_loss 4.3548
step 338 train_loss 4.3997
step 339 train_loss 4.3666
step 340 train_loss 4.3338
step 341 train_loss 4.3600
step 342 train_loss 4.4017
step 343 train_loss 4.3554
step 344 train_loss 4.4051
step 345 train_loss 4.3746
step 346 train_loss 4.3877
step 347 train_loss 4.3193
step 348 train_loss 4.3190
step 349 train_loss 4.3261
step 350 train_loss 4.3426 val_loss 4.5406 expert_frac [0.51, 0.50, 0.50, 0.49] aux 8.0009
step 351 train_loss 4.3536
step 352 train_loss 4.3821
step 353 train_loss 4.3236
step 354 train_loss 4.3906
step 355 train_loss 4.3814
step 356 train_loss 4.2987
step 357 train_loss 4.3258
step 358 train_loss 4.3412
step 359 train_loss 4.2808
step 360 train_loss 4.3241
step 361 train_loss 4.3135
step 362 train_loss 4.3610
step 363 train_loss 4.3393
step 364 train_loss 4.3274
step 365 train_loss 4.3075
step 366 train_loss 4.2991
step 367 train_loss 4.2970
step 368 train_loss 4.2897
step 369 train_loss 4.3015
step 370 train_loss 4.3203
step 371 train_loss 4.3606
step 372 train_loss 4.3225
step 373 train_loss 4.3581
step 374 train_loss 4.3367
step 375 train_loss 4.3518
step 376 train_loss 4.3556
step 377 train_loss 4.2863
step 378 train_loss 4.3341
step 379 train_loss 4.2812
step 380 train_loss 4.3020
step 381 train_loss 4.3485
step 382 train_loss 4.2887
step 383 train_loss 4.3206
step 384 train_loss 4.2845
step 385 train_loss 4.2916
step 386 train_loss 4.3607
step 387 train_loss 4.2626
step 388 train_loss 4.3055
step 389 train_loss 4.2390
step 390 train_loss 4.2650
step 391 train_loss 4.3223
step 392 train_loss 4.2729
step 393 train_loss 4.2142
step 394 train_loss 4.3080
step 395 train_loss 4.1957
step 396 train_loss 4.2928
step 397 train_loss 4.2699
step 398 train_loss 4.2674
step 399 train_loss 4.2629
step 400 train_loss 4.2465 val_loss 4.5419 expert_frac [0.51, 0.50, 0.50, 0.50] aux 7.9980
step 401 train_loss 4.2193
step 402 train_loss 4.2851
step 403 train_loss 4.2760
step 404 train_loss 4.2697
step 405 train_loss 4.2979
step 406 train_loss 4.2430
step 407 train_loss 4.2754
step 408 train_loss 4.3184
step 409 train_loss 4.3086
step 410 train_loss 4.2449
step 411 train_loss 4.2534
step 412 train_loss 4.2566
step 413 train_loss 4.2041
step 414 train_loss 4.2734
step 415 train_loss 4.2494
step 416 train_loss 4.2556
step 417 train_loss 4.2953
step 418 train_loss 4.2774
step 419 train_loss 4.2946
step 420 train_loss 4.2309
step 421 train_loss 4.2430
step 422 train_loss 4.2226
step 423 train_loss 4.2641
step 424 train_loss 4.2230
step 425 train_loss 4.2216
step 426 train_loss 4.1676
step 427 train_loss 4.2020
step 428 train_loss 4.1766
step 429 train_loss 4.1883
step 430 train_loss 4.2244
step 431 train_loss 4.2638
step 432 train_loss 4.2207
step 433 train_loss 4.2239
step 434 train_loss 4.2279
step 435 train_loss 4.2223
step 436 train_loss 4.2068
step 437 train_loss 4.2338
step 438 train_loss 4.2311
step 439 train_loss 4.2345
step 440 train_loss 4.2129
step 441 train_loss 4.1662
step 442 train_loss 4.2535
step 443 train_loss 4.1658
step 444 train_loss 4.1379
step 445 train_loss 4.1811
step 446 train_loss 4.2052
step 447 train_loss 4.1830
step 448 train_loss 4.1535
step 449 train_loss 4.1495
step 450 train_loss 4.1596 val_loss 4.4097 expert_frac [0.50, 0.50, 0.49, 0.50] aux 8.0097
step 451 train_loss 4.2040
step 452 train_loss 4.2121
step 453 train_loss 4.1666
step 454 train_loss 4.1347
step 455 train_loss 4.1934
step 456 train_loss 4.1972
step 457 train_loss 4.1226
step 458 train_loss 4.1927
step 459 train_loss 4.1779
step 460 train_loss 4.1269
step 461 train_loss 4.1860
step 462 train_loss 4.1750
step 463 train_loss 4.2134
step 464 train_loss 4.1674
step 465 train_loss 4.1556
step 466 train_loss 4.1871
step 467 train_loss 4.1771
step 468 train_loss 4.1402
step 469 train_loss 4.1314
step 470 train_loss 4.1482
step 471 train_loss 4.2067
step 472 train_loss 4.1415
step 473 train_loss 4.1498
step 474 train_loss 4.1588
step 475 train_loss 4.1537
step 476 train_loss 4.1493
step 477 train_loss 4.1322
step 478 train_loss 4.1164
step 479 train_loss 4.1080
step 480 train_loss 4.2007
step 481 train_loss 4.1120
step 482 train_loss 4.0644
step 483 train_loss 4.1386
step 484 train_loss 4.1376
step 485 train_loss 4.1282
step 486 train_loss 4.1054
step 487 train_loss 4.1314
step 488 train_loss 4.1536
step 489 train_loss 4.1431
step 490 train_loss 4.1061
step 491 train_loss 4.1325
step 492 train_loss 4.1444
step 493 train_loss 4.1755
step 494 train_loss 4.0725
step 495 train_loss 4.1418
step 496 train_loss 4.1119
step 497 train_loss 4.1649
step 498 train_loss 4.1058
step 499 train_loss 4.1478
step 500 train_loss 4.0671 val_loss 4.3670 expert_frac [0.51, 0.50, 0.50, 0.49] aux 7.9983
step 501 train_loss 4.1617
step 502 train_loss 4.1744
step 503 train_loss 4.0759
step 504 train_loss 4.1132
step 505 train_loss 4.0999
step 506 train_loss 4.1367
step 507 train_loss 4.1014
step 508 train_loss 4.0326
step 509 train_loss 4.0986
step 510 train_loss 4.0679
step 511 train_loss 4.1409
step 512 train_loss 4.1074
step 513 train_loss 4.0783
step 514 train_loss 4.0688
step 515 train_loss 4.0974
step 516 train_loss 4.0440
step 517 train_loss 4.0447
step 518 train_loss 4.0637
step 519 train_loss 4.0376
step 520 train_loss 4.0889
step 521 train_loss 4.0936
step 522 train_loss 4.0005
step 523 train_loss 4.1128
step 524 train_loss 4.0808
step 525 train_loss 4.0163
step 526 train_loss 4.0431
step 527 train_loss 4.0569
step 528 train_loss 4.0219
step 529 train_loss 4.0803
step 530 train_loss 4.0348
step 531 train_loss 4.0343
step 532 train_loss 4.0745
step 533 train_loss 3.9991
step 534 train_loss 4.0459
step 535 train_loss 4.1069
step 536 train_loss 4.0353
step 537 train_loss 4.1114
step 538 train_loss 4.0538
step 539 train_loss 4.0315
step 540 train_loss 4.0903
step 541 train_loss 3.9759
step 542 train_loss 4.0879
step 543 train_loss 3.9866
step 544 train_loss 3.9103
step 545 train_loss 4.0704
step 546 train_loss 4.0616
step 547 train_loss 4.0500
step 548 train_loss 4.0264
step 549 train_loss 3.9959
step 550 train_loss 3.9876 val_loss 4.3291 expert_frac [0.49, 0.50, 0.52, 0.50] aux 8.0311
step 551 train_loss 3.9987
step 552 train_loss 4.0152
step 553 train_loss 4.0218
step 554 train_loss 4.0090
step 555 train_loss 3.9851
step 556 train_loss 4.0361
step 557 train_loss 4.0309
step 558 train_loss 4.0155
step 559 train_loss 4.0306
step 560 train_loss 4.0271
step 561 train_loss 3.9874
step 562 train_loss 4.0540
step 563 train_loss 4.0410
step 564 train_loss 4.0420
step 565 train_loss 4.0486
step 566 train_loss 4.0137
step 567 train_loss 4.0181
step 568 train_loss 3.9678
step 569 train_loss 4.0207
step 570 train_loss 3.9750
step 571 train_loss 3.9579
step 572 train_loss 3.9755
step 573 train_loss 4.0098
step 574 train_loss 4.0160
step 575 train_loss 3.9576
step 576 train_loss 4.0099
step 577 train_loss 3.9761
step 578 train_loss 3.9575
step 579 train_loss 3.9580
step 580 train_loss 4.0081
step 581 train_loss 3.9485
step 582 train_loss 3.9864
step 583 train_loss 4.0007
step 584 train_loss 3.8867
step 585 train_loss 3.9503
step 586 train_loss 3.9933
step 587 train_loss 3.8934
step 588 train_loss 3.9489
step 589 train_loss 4.0043
step 590 train_loss 3.9912
step 591 train_loss 3.9817
step 592 train_loss 3.9379
step 593 train_loss 3.8914
step 594 train_loss 3.9071
step 595 train_loss 3.9501
step 596 train_loss 3.8799
step 597 train_loss 3.9650
step 598 train_loss 3.9188
step 599 train_loss 3.9235
step 600 train_loss 3.9502 val_loss 4.2823 expert_frac [0.50, 0.51, 0.50, 0.49] aux 8.0124
step 601 train_loss 3.9594
step 602 train_loss 3.9110
step 603 train_loss 3.9546
step 604 train_loss 3.9579
step 605 train_loss 3.9472
step 606 train_loss 3.9057
step 607 train_loss 3.9694
step 608 train_loss 3.9247
step 609 train_loss 3.9782
step 610 train_loss 3.8941
step 611 train_loss 3.9423
step 612 train_loss 3.9452
step 613 train_loss 3.8999
step 614 train_loss 3.8915
step 615 train_loss 3.9816
step 616 train_loss 3.8903
step 617 train_loss 3.8887
step 618 train_loss 3.9296
step 619 train_loss 3.8903
step 620 train_loss 3.9043
step 621 train_loss 3.8415
step 622 train_loss 3.8840
step 623 train_loss 3.8813
step 624 train_loss 3.8798
step 625 train_loss 3.9341
step 626 train_loss 3.9114
step 627 train_loss 3.8578
step 628 train_loss 3.9476
step 629 train_loss 3.8261
step 630 train_loss 3.8445
step 631 train_loss 3.8907
step 632 train_loss 3.9045
step 633 train_loss 3.8957
step 634 train_loss 3.8105
step 635 train_loss 3.8194
step 636 train_loss 3.9007
step 637 train_loss 3.8789
step 638 train_loss 3.9382
step 639 train_loss 3.8565
step 640 train_loss 3.8856
step 641 train_loss 3.8469
step 642 train_loss 3.8532
step 643 train_loss 3.8635
step 644 train_loss 3.8029
step 645 train_loss 3.8395
step 646 train_loss 3.9164
step 647 train_loss 3.8668
step 648 train_loss 3.8370
step 649 train_loss 3.8108
step 650 train_loss 3.8985 val_loss 4.1994 expert_frac [0.49, 0.49, 0.50, 0.52] aux 8.0059
step 651 train_loss 3.8648
step 652 train_loss 3.8777
step 653 train_loss 3.8513
step 654 train_loss 3.7934
step 655 train_loss 3.8407
step 656 train_loss 3.8476
step 657 train_loss 3.7934
step 658 train_loss 3.8942
step 659 train_loss 3.8447
step 660 train_loss 3.8833
step 661 train_loss 3.8699
step 662 train_loss 3.8567
step 663 train_loss 3.8610
step 664 train_loss 3.8993
step 665 train_loss 3.8051
step 666 train_loss 3.8309
step 667 train_loss 3.8877
step 668 train_loss 3.7510
step 669 train_loss 3.9236
step 670 train_loss 3.8646
step 671 train_loss 3.8184
step 672 train_loss 3.7954
step 673 train_loss 3.7740
step 674 train_loss 3.7394
step 675 train_loss 3.8224
step 676 train_loss 3.7694
step 677 train_loss 3.8163
step 678 train_loss 3.8255
step 679 train_loss 3.8656
step 680 train_loss 3.7577
step 681 train_loss 3.7884
step 682 train_loss 3.7916
step 683 train_loss 3.8578
step 684 train_loss 3.8119
step 685 train_loss 3.8066
step 686 train_loss 3.7970
step 687 train_loss 3.7782
step 688 train_loss 3.7811
step 689 train_loss 3.7656
step 690 train_loss 3.8571
step 691 train_loss 3.7587
step 692 train_loss 3.7624
step 693 train_loss 3.8478
step 694 train_loss 3.7816
step 695 train_loss 3.8346
step 696 train_loss 3.7810
step 697 train_loss 3.8195
step 698 train_loss 3.8187
step 699 train_loss 3.7916
step 700 train_loss 3.7899 val_loss 4.1451 expert_frac [0.51, 0.49, 0.50, 0.50] aux 8.0056
step 701 train_loss 3.7750
step 702 train_loss 3.8149
step 703 train_loss 3.7548
step 704 train_loss 3.7271
step 705 train_loss 3.8013
step 706 train_loss 3.6812
step 707 train_loss 3.7623
step 708 train_loss 3.7255
step 709 train_loss 3.6988
step 710 train_loss 3.7223
step 711 train_loss 3.7469
step 712 train_loss 3.8047
step 713 train_loss 3.7967
step 714 train_loss 3.7613
step 715 train_loss 3.7666
step 716 train_loss 3.7816
step 717 train_loss 3.7950
step 718 train_loss 3.7496
step 719 train_loss 3.7568
step 720 train_loss 3.8625
step 721 train_loss 3.7423
step 722 train_loss 3.7419
step 723 train_loss 3.6808
step 724 train_loss 3.7919
step 725 train_loss 3.7176
step 726 train_loss 3.7636
step 727 train_loss 3.7421
step 728 train_loss 3.7400
step 729 train_loss 3.7035
step 730 train_loss 3.6940
step 731 train_loss 3.6881
step 732 train_loss 3.8083
step 733 train_loss 3.6960
step 734 train_loss 3.7448
step 735 train_loss 3.8015
step 736 train_loss 3.7431
step 737 train_loss 3.7449
step 738 train_loss 3.7810
step 739 train_loss 3.7105
step 740 train_loss 3.7018
step 741 train_loss 3.7463
step 742 train_loss 3.7091
step 743 train_loss 3.7625
step 744 train_loss 3.7101
step 745 train_loss 3.6710
step 746 train_loss 3.6934
step 747 train_loss 3.7099
step 748 train_loss 3.6690
step 749 train_loss 3.6558
step 750 train_loss 3.6607 val_loss 4.0938 expert_frac [0.50, 0.50, 0.49, 0.51] aux 8.0059
step 751 train_loss 3.6418
step 752 train_loss 3.6714
step 753 train_loss 3.7892
step 754 train_loss 3.6845
step 755 train_loss 3.7244
step 756 train_loss 3.6762
step 757 train_loss 3.7594
step 758 train_loss 3.6880
step 759 train_loss 3.6461
step 760 train_loss 3.7454
step 761 train_loss 3.6476
step 762 train_loss 3.6895
step 763 train_loss 3.6419
step 764 train_loss 3.6398
step 765 train_loss 3.7012
step 766 train_loss 3.7057
step 767 train_loss 3.7437
step 768 train_loss 3.7294
step 769 train_loss 3.7563
step 770 train_loss 3.7071
step 771 train_loss 3.7036
step 772 train_loss 3.7278
step 773 train_loss 3.6967
step 774 train_loss 3.6843
step 775 train_loss 3.6855
step 776 train_loss 3.6579
step 777 train_loss 3.7102
step 778 train_loss 3.6749
step 779 train_loss 3.6506
step 780 train_loss 3.6781
step 781 train_loss 3.6359
step 782 train_loss 3.6745
step 783 train_loss 3.6786
step 784 train_loss 3.6055
step 785 train_loss 3.6683
step 786 train_loss 3.6455
step 787 train_loss 3.5894
step 788 train_loss 3.6703
step 789 train_loss 3.6613
step 790 train_loss 3.7048
step 791 train_loss 3.6265
step 792 train_loss 3.6901
step 793 train_loss 3.6391
step 794 train_loss 3.6667
step 795 train_loss 3.6889
step 796 train_loss 3.6445
step 797 train_loss 3.6109
step 798 train_loss 3.6459
step 799 train_loss 3.6614
step 800 train_loss 3.6228 val_loss 3.9834 expert_frac [0.51, 0.49, 0.49, 0.51] aux 8.0020
step 801 train_loss 3.6900
step 802 train_loss 3.6462
step 803 train_loss 3.6812
step 804 train_loss 3.6582
step 805 train_loss 3.6437
step 806 train_loss 3.6334
step 807 train_loss 3.6289
step 808 train_loss 3.5879
step 809 train_loss 3.6210
step 810 train_loss 3.6057
step 811 train_loss 3.6744
step 812 train_loss 3.5502
step 813 train_loss 3.6297
step 814 train_loss 3.5503
step 815 train_loss 3.6307
step 816 train_loss 3.5439
step 817 train_loss 3.6477
step 818 train_loss 3.6336
step 819 train_loss 3.4894
step 820 train_loss 3.6508
step 821 train_loss 3.6056
step 822 train_loss 3.5636
step 823 train_loss 3.5733
step 824 train_loss 3.6378
step 825 train_loss 3.6228
step 826 train_loss 3.6799
step 827 train_loss 3.6042
step 828 train_loss 3.6017
step 829 train_loss 3.6043
step 830 train_loss 3.6093
step 831 train_loss 3.6329
step 832 train_loss 3.5977
step 833 train_loss 3.6372
step 834 train_loss 3.5682
step 835 train_loss 3.6021
step 836 train_loss 3.6226
step 837 train_loss 3.5956
step 838 train_loss 3.6092
step 839 train_loss 3.6014
step 840 train_loss 3.5801
step 841 train_loss 3.6359
step 842 train_loss 3.5718
step 843 train_loss 3.5563
step 844 train_loss 3.6055
step 845 train_loss 3.5884
step 846 train_loss 3.5999
step 847 train_loss 3.6188
step 848 train_loss 3.5644
step 849 train_loss 3.6297
step 850 train_loss 3.5443 val_loss 4.1167 expert_frac [0.50, 0.51, 0.50, 0.49] aux 8.0101
step 851 train_loss 3.5937
step 852 train_loss 3.5441
step 853 train_loss 3.5713
step 854 train_loss 3.6011
step 855 train_loss 3.5904
step 856 train_loss 3.4849
step 857 train_loss 3.5035
step 858 train_loss 3.5325
step 859 train_loss 3.5617
step 860 train_loss 3.5662
step 861 train_loss 3.6535
step 862 train_loss 3.6298
step 863 train_loss 3.6625
step 864 train_loss 3.5737
step 865 train_loss 3.5960
step 866 train_loss 3.5752
step 867 train_loss 3.5930
step 868 train_loss 3.5562
step 869 train_loss 3.5475
step 870 train_loss 3.4981
step 871 train_loss 3.5673
step 872 train_loss 3.5522
step 873 train_loss 3.5612
step 874 train_loss 3.5567
step 875 train_loss 3.5551
step 876 train_loss 3.7021
step 877 train_loss 3.5608
step 878 train_loss 3.4756
step 879 train_loss 3.5146
step 880 train_loss 3.5755
step 881 train_loss 3.5696
step 882 train_loss 3.5525
step 883 train_loss 3.5661
step 884 train_loss 3.5205
step 885 train_loss 3.5589
step 886 train_loss 3.5735
step 887 train_loss 3.5804
step 888 train_loss 3.5586
step 889 train_loss 3.4737
step 890 train_loss 3.4356
step 891 train_loss 3.5162
step 892 train_loss 3.6201
step 893 train_loss 3.4948
step 894 train_loss 3.5179
step 895 train_loss 3.5350
step 896 train_loss 3.4483
step 897 train_loss 3.4802
step 898 train_loss 3.5608
step 899 train_loss 3.5542
step 900 train_loss 3.5703 val_loss 4.1051 expert_frac [0.52, 0.50, 0.49, 0.49] aux 8.0107
step 901 train_loss 3.5086
step 902 train_loss 3.5151
step 903 train_loss 3.4999
step 904 train_loss 3.6063
step 905 train_loss 3.5358
step 906 train_loss 3.5256
step 907 train_loss 3.5443
step 908 train_loss 3.4769
step 909 train_loss 3.5188
step 910 train_loss 3.5631
step 911 train_loss 3.5483
step 912 train_loss 3.5722
step 913 train_loss 3.5551
step 914 train_loss 3.4383
step 915 train_loss 3.5112
step 916 train_loss 3.5275
step 917 train_loss 3.5119
step 918 train_loss 3.5546
step 919 train_loss 3.5348
step 920 train_loss 3.4728
step 921 train_loss 3.5162
step 922 train_loss 3.4757
step 923 train_loss 3.4192
step 924 train_loss 3.4756
step 925 train_loss 3.5319
step 926 train_loss 3.5227
step 927 train_loss 3.5567
step 928 train_loss 3.4871
step 929 train_loss 3.5498
step 930 train_loss 3.5158
step 931 train_loss 3.5403
step 932 train_loss 3.4298
step 933 train_loss 3.4837
step 934 train_loss 3.4763
step 935 train_loss 3.4922
step 936 train_loss 3.4435
step 937 train_loss 3.4300
step 938 train_loss 3.5480
step 939 train_loss 3.4414
step 940 train_loss 3.5337
step 941 train_loss 3.4763
step 942 train_loss 3.5220
step 943 train_loss 3.4734
step 944 train_loss 3.4937
step 945 train_loss 3.5442
step 946 train_loss 3.4294
step 947 train_loss 3.5039
step 948 train_loss 3.5194
step 949 train_loss 3.4590
step 950 train_loss 3.4493 val_loss 3.8976 expert_frac [0.51, 0.50, 0.48, 0.51] aux 8.0113
step 951 train_loss 3.4411
step 952 train_loss 3.4564
step 953 train_loss 3.4306
step 954 train_loss 3.4590
step 955 train_loss 3.3940
step 956 train_loss 3.4947
step 957 train_loss 3.5187
step 958 train_loss 3.4560
step 959 train_loss 3.5164
step 960 train_loss 3.3940
step 961 train_loss 3.4247
step 962 train_loss 3.4635
step 963 train_loss 3.5016
step 964 train_loss 3.4174
step 965 train_loss 3.4218
step 966 train_loss 3.4695
step 967 train_loss 3.5309
step 968 train_loss 3.4952
step 969 train_loss 3.5129
step 970 train_loss 3.4355
step 971 train_loss 3.4871
step 972 train_loss 3.4515
step 973 train_loss 3.4946
step 974 train_loss 3.4397
step 975 train_loss 3.4900
step 976 train_loss 3.4847
step 977 train_loss 3.4795
step 978 train_loss 3.4587
step 979 train_loss 3.4615
step 980 train_loss 3.4543
step 981 train_loss 3.4336
step 982 train_loss 3.4090
step 983 train_loss 3.4335
step 984 train_loss 3.4239
step 985 train_loss 3.3897
step 986 train_loss 3.4155
step 987 train_loss 3.4675
step 988 train_loss 3.4241
step 989 train_loss 3.4405
step 990 train_loss 3.4142
step 991 train_loss 3.4049
step 992 train_loss 3.4801
step 993 train_loss 3.4434
step 994 train_loss 3.4864
step 995 train_loss 3.3388
step 996 train_loss 3.4855
step 997 train_loss 3.4406
step 998 train_loss 3.5130
step 999 train_loss 3.4592
step 1000 train_loss 3.4928 val_loss 3.9177 expert_frac [0.50, 0.50, 0.48, 0.51] aux 8.0185
step 1001 train_loss 3.4000
step 1002 train_loss 3.4549
step 1003 train_loss 3.4056
step 1004 train_loss 3.4285
step 1005 train_loss 3.4237
step 1006 train_loss 3.4362
step 1007 train_loss 3.4331
step 1008 train_loss 3.4324
step 1009 train_loss 3.3943
step 1010 train_loss 3.4296
step 1011 train_loss 3.4103
step 1012 train_loss 3.4129
step 1013 train_loss 3.4448
step 1014 train_loss 3.4246
step 1015 train_loss 3.4105
step 1016 train_loss 3.4404
step 1017 train_loss 3.4178
step 1018 train_loss 3.3961
step 1019 train_loss 3.3855
step 1020 train_loss 3.4004
step 1021 train_loss 3.4250
step 1022 train_loss 3.4348
step 1023 train_loss 3.3509
step 1024 train_loss 3.4325
step 1025 train_loss 3.4309
step 1026 train_loss 3.3650
step 1027 train_loss 3.4435
step 1028 train_loss 3.4037
step 1029 train_loss 3.4434
step 1030 train_loss 3.4354
step 1031 train_loss 3.3866
step 1032 train_loss 3.3556
step 1033 train_loss 3.4101
step 1034 train_loss 3.4183
step 1035 train_loss 3.3511
step 1036 train_loss 3.3057
step 1037 train_loss 3.3608
step 1038 train_loss 3.4033
step 1039 train_loss 3.3455
step 1040 train_loss 3.3585
step 1041 train_loss 3.3941
step 1042 train_loss 3.3475
step 1043 train_loss 3.3141
step 1044 train_loss 3.3285
step 1045 train_loss 3.3447
step 1046 train_loss 3.3195
step 1047 train_loss 3.3365
step 1048 train_loss 3.4082
step 1049 train_loss 3.3816
step 1050 train_loss 3.4399 val_loss 3.9922 expert_frac [0.50, 0.50, 0.49, 0.51] aux 8.0013
step 1051 train_loss 3.3650
step 1052 train_loss 3.3753
step 1053 train_loss 3.3094
step 1054 train_loss 3.4007
step 1055 train_loss 3.3558
step 1056 train_loss 3.4527
step 1057 train_loss 3.4173
step 1058 train_loss 3.4181
step 1059 train_loss 3.3049
step 1060 train_loss 3.3950
step 1061 train_loss 3.3488
step 1062 train_loss 3.3986
step 1063 train_loss 3.3565
step 1064 train_loss 3.3849
step 1065 train_loss 3.3625
step 1066 train_loss 3.4215
step 1067 train_loss 3.4142
step 1068 train_loss 3.3121
step 1069 train_loss 3.4017
step 1070 train_loss 3.3645
step 1071 train_loss 3.3599
step 1072 train_loss 3.3603
step 1073 train_loss 3.3294
step 1074 train_loss 3.4214
step 1075 train_loss 3.3714
step 1076 train_loss 3.3576
step 1077 train_loss 3.3239
step 1078 train_loss 3.3219
step 1079 train_loss 3.4197
step 1080 train_loss 3.3741
step 1081 train_loss 3.3871
step 1082 train_loss 3.3355
step 1083 train_loss 3.3677
step 1084 train_loss 3.3541
step 1085 train_loss 3.3841
step 1086 train_loss 3.4011
step 1087 train_loss 3.3891
step 1088 train_loss 3.3645
step 1089 train_loss 3.2614
step 1090 train_loss 3.2524
step 1091 train_loss 3.3301
step 1092 train_loss 3.4137
step 1093 train_loss 3.3804
step 1094 train_loss 3.4390
step 1095 train_loss 3.4096
step 1096 train_loss 3.3615
step 1097 train_loss 3.3225
step 1098 train_loss 3.3027
step 1099 train_loss 3.3173
step 1100 train_loss 3.3779 val_loss 3.8752 expert_frac [0.51, 0.50, 0.49, 0.50] aux 8.0128
step 1101 train_loss 3.3528
step 1102 train_loss 3.4218
step 1103 train_loss 3.4244
step 1104 train_loss 3.4195
step 1105 train_loss 3.3248
step 1106 train_loss 3.3575
step 1107 train_loss 3.3071
step 1108 train_loss 3.3312
step 1109 train_loss 3.4076
step 1110 train_loss 3.2838
step 1111 train_loss 3.2988
step 1112 train_loss 3.3725
step 1113 train_loss 3.3314
step 1114 train_loss 3.3027
step 1115 train_loss 3.3212
step 1116 train_loss 3.3264
step 1117 train_loss 3.3725
step 1118 train_loss 3.3424
step 1119 train_loss 3.3548
step 1120 train_loss 3.3934
step 1121 train_loss 3.3384
step 1122 train_loss 3.3391
step 1123 train_loss 3.3958
step 1124 train_loss 3.3625
step 1125 train_loss 3.3380
step 1126 train_loss 3.3614
step 1127 train_loss 3.3270
step 1128 train_loss 3.3162
step 1129 train_loss 3.4038
step 1130 train_loss 3.3635
step 1131 train_loss 3.2583
step 1132 train_loss 3.2581
step 1133 train_loss 3.3063
step 1134 train_loss 3.3137
step 1135 train_loss 3.2869
step 1136 train_loss 3.2515
step 1137 train_loss 3.3458
step 1138 train_loss 3.2988
step 1139 train_loss 3.3207
step 1140 train_loss 3.2918
step 1141 train_loss 3.3289
step 1142 train_loss 3.3456
step 1143 train_loss 3.2558
step 1144 train_loss 3.3223
step 1145 train_loss 3.2863
step 1146 train_loss 3.3153
step 1147 train_loss 3.3705
step 1148 train_loss 3.2183
step 1149 train_loss 3.3409
step 1150 train_loss 3.2971 val_loss 3.8671 expert_frac [0.50, 0.50, 0.50, 0.50] aux 8.0158
step 1151 train_loss 3.2663
step 1152 train_loss 3.2960
step 1153 train_loss 3.2851
step 1154 train_loss 3.3276
step 1155 train_loss 3.3249
step 1156 train_loss 3.2977
step 1157 train_loss 3.3151
step 1158 train_loss 3.2842
step 1159 train_loss 3.2511
step 1160 train_loss 3.3254
step 1161 train_loss 3.3817
step 1162 train_loss 3.2802
step 1163 train_loss 3.3683
step 1164 train_loss 3.2724
step 1165 train_loss 3.2965
step 1166 train_loss 3.2755
step 1167 train_loss 3.3137
step 1168 train_loss 3.2320
step 1169 train_loss 3.2902
step 1170 train_loss 3.3064
step 1171 train_loss 3.2634
step 1172 train_loss 3.2855
step 1173 train_loss 3.2668
step 1174 train_loss 3.2986
step 1175 train_loss 3.3233
step 1176 train_loss 3.3337
step 1177 train_loss 3.2205
step 1178 train_loss 3.2358
step 1179 train_loss 3.3581
step 1180 train_loss 3.2405
step 1181 train_loss 3.2246
step 1182 train_loss 3.3120
step 1183 train_loss 3.3003
step 1184 train_loss 3.2302
step 1185 train_loss 3.2112
step 1186 train_loss 3.3233
step 1187 train_loss 3.3012
step 1188 train_loss 3.2166
step 1189 train_loss 3.3004
step 1190 train_loss 3.2587
step 1191 train_loss 3.3261
step 1192 train_loss 3.2748
step 1193 train_loss 3.2104
step 1194 train_loss 3.2628
step 1195 train_loss 3.2269
step 1196 train_loss 3.2190
step 1197 train_loss 3.2421
step 1198 train_loss 3.2959
step 1199 train_loss 3.2428
step 1200 train_loss 3.2007 val_loss 3.7705 expert_frac [0.50, 0.50, 0.48, 0.52] aux 8.0124
step 1201 train_loss 3.2621
step 1202 train_loss 3.2980
step 1203 train_loss 3.2545
step 1204 train_loss 3.3136
step 1205 train_loss 3.3016
step 1206 train_loss 3.2364
step 1207 train_loss 3.2381
step 1208 train_loss 3.2934
step 1209 train_loss 3.2392
step 1210 train_loss 3.3218
step 1211 train_loss 3.2635
step 1212 train_loss 3.2768
step 1213 train_loss 3.3034
step 1214 train_loss 3.1779
step 1215 train_loss 3.2620
step 1216 train_loss 3.2792
step 1217 train_loss 3.1650
step 1218 train_loss 3.2567
step 1219 train_loss 3.2615
step 1220 train_loss 3.2083
step 1221 train_loss 3.1886
step 1222 train_loss 3.2222
step 1223 train_loss 3.3226
step 1224 train_loss 3.1852
step 1225 train_loss 3.1939
step 1226 train_loss 3.2580
step 1227 train_loss 3.2549
step 1228 train_loss 3.2712
step 1229 train_loss 3.2595
step 1230 train_loss 3.1408
step 1231 train_loss 3.2478
step 1232 train_loss 3.2474
step 1233 train_loss 3.2391
step 1234 train_loss 3.2748
step 1235 train_loss 3.2461
step 1236 train_loss 3.2622
step 1237 train_loss 3.1259
step 1238 train_loss 3.1799
step 1239 train_loss 3.2124
step 1240 train_loss 3.2217
step 1241 train_loss 3.1856
step 1242 train_loss 3.2283
step 1243 train_loss 3.2751
step 1244 train_loss 3.2493
step 1245 train_loss 3.2523
step 1246 train_loss 3.2667
step 1247 train_loss 3.1396
step 1248 train_loss 3.1679
step 1249 train_loss 3.1838
step 1250 train_loss 3.2160 val_loss 3.9984 expert_frac [0.50, 0.50, 0.50, 0.50] aux 8.0101
step 1251 train_loss 3.2810
step 1252 train_loss 3.2521
step 1253 train_loss 3.2125
step 1254 train_loss 3.2390
step 1255 train_loss 3.2463
step 1256 train_loss 3.1627
step 1257 train_loss 3.2005
step 1258 train_loss 3.2006
step 1259 train_loss 3.2429
step 1260 train_loss 3.2123
step 1261 train_loss 3.2613
step 1262 train_loss 3.3239
step 1263 train_loss 3.1845
step 1264 train_loss 3.2497
step 1265 train_loss 3.2696
step 1266 train_loss 3.2438
step 1267 train_loss 3.2069
step 1268 train_loss 3.1207
step 1269 train_loss 3.2228
step 1270 train_loss 3.2225
step 1271 train_loss 3.2448
step 1272 train_loss 3.1242
step 1273 train_loss 3.2157
step 1274 train_loss 3.1973
step 1275 train_loss 3.1720
step 1276 train_loss 3.2125
step 1277 train_loss 3.2029
step 1278 train_loss 3.1987
step 1279 train_loss 3.1940
step 1280 train_loss 3.1785
step 1281 train_loss 3.1662
step 1282 train_loss 3.2650
step 1283 train_loss 3.1910
step 1284 train_loss 3.2961
step 1285 train_loss 3.1818
step 1286 train_loss 3.2442
step 1287 train_loss 3.2413
step 1288 train_loss 3.2460
step 1289 train_loss 3.1997
step 1290 train_loss 3.1799
step 1291 train_loss 3.1823
step 1292 train_loss 3.1936
step 1293 train_loss 3.1998
step 1294 train_loss 3.1658
step 1295 train_loss 3.2345
step 1296 train_loss 3.1668
step 1297 train_loss 3.1980
step 1298 train_loss 3.1470
step 1299 train_loss 3.2973
step 1300 train_loss 3.1269 val_loss 3.8353 expert_frac [0.50, 0.51, 0.49, 0.50] aux 8.0174
step 1301 train_loss 3.0789
step 1302 train_loss 3.1874
step 1303 train_loss 3.1847
step 1304 train_loss 3.1103
step 1305 train_loss 3.1771
step 1306 train_loss 3.2404
step 1307 train_loss 3.1959
step 1308 train_loss 3.2224
step 1309 train_loss 3.1762
step 1310 train_loss 3.1877
step 1311 train_loss 3.2732
step 1312 train_loss 3.1955
step 1313 train_loss 3.1975
step 1314 train_loss 3.1596
step 1315 train_loss 3.1820
step 1316 train_loss 3.1471
step 1317 train_loss 3.2055
step 1318 train_loss 3.1290
step 1319 train_loss 3.2171
step 1320 train_loss 3.1567
step 1321 train_loss 3.1397
step 1322 train_loss 3.2070
step 1323 train_loss 3.1028
step 1324 train_loss 3.1150
step 1325 train_loss 3.2153
step 1326 train_loss 3.1886
step 1327 train_loss 3.2066
step 1328 train_loss 3.1179
step 1329 train_loss 3.1801
step 1330 train_loss 3.1172
step 1331 train_loss 3.1229
step 1332 train_loss 3.2257
step 1333 train_loss 3.1495
step 1334 train_loss 3.1664
step 1335 train_loss 3.2248
step 1336 train_loss 3.1227
step 1337 train_loss 3.2045
step 1338 train_loss 3.2052
step 1339 train_loss 3.1866
step 1340 train_loss 3.1700
step 1341 train_loss 3.1453
step 1342 train_loss 3.1976
step 1343 train_loss 3.1720
step 1344 train_loss 3.0619
step 1345 train_loss 3.1509
step 1346 train_loss 3.1664
step 1347 train_loss 3.1660
step 1348 train_loss 3.1690
step 1349 train_loss 3.1350
step 1350 train_loss 3.1886 val_loss 3.9094 expert_frac [0.50, 0.50, 0.49, 0.50] aux 8.0086
step 1351 train_loss 3.1411
step 1352 train_loss 3.1774
step 1353 train_loss 3.1998
step 1354 train_loss 3.1159
step 1355 train_loss 3.0870
step 1356 train_loss 3.1384
step 1357 train_loss 3.0914
step 1358 train_loss 3.1151
step 1359 train_loss 3.0823
step 1360 train_loss 3.1090
step 1361 train_loss 3.1310
step 1362 train_loss 3.1328
step 1363 train_loss 3.1342
step 1364 train_loss 3.0847
step 1365 train_loss 3.1573
step 1366 train_loss 3.1407
step 1367 train_loss 3.1022
step 1368 train_loss 3.1265
step 1369 train_loss 3.1658
step 1370 train_loss 3.1342
step 1371 train_loss 3.2153
step 1372 train_loss 3.1117
step 1373 train_loss 3.1292
step 1374 train_loss 3.1733
step 1375 train_loss 3.1708
step 1376 train_loss 3.1814
step 1377 train_loss 3.1292
step 1378 train_loss 3.1008
step 1379 train_loss 3.0468
step 1380 train_loss 3.1328
step 1381 train_loss 3.1836
step 1382 train_loss 3.1466
step 1383 train_loss 3.1311
step 1384 train_loss 3.0948
step 1385 train_loss 3.1301
step 1386 train_loss 3.1794
step 1387 train_loss 3.2114
step 1388 train_loss 3.1357
step 1389 train_loss 3.0260
step 1390 train_loss 3.1210
step 1391 train_loss 3.0927
step 1392 train_loss 3.1547
step 1393 train_loss 3.1333
step 1394 train_loss 3.1929
step 1395 train_loss 3.1799
step 1396 train_loss 3.1312
step 1397 train_loss 3.1271
step 1398 train_loss 3.1349
step 1399 train_loss 3.1812
step 1400 train_loss 3.1256 val_loss 3.7977 expert_frac [0.51, 0.50, 0.49, 0.50] aux 8.0156
step 1401 train_loss 3.1212
step 1402 train_loss 3.1013
step 1403 train_loss 3.0711
step 1404 train_loss 3.1679
step 1405 train_loss 3.1095
step 1406 train_loss 3.0636
step 1407 train_loss 3.0805
step 1408 train_loss 3.1114
step 1409 train_loss 3.1370
step 1410 train_loss 3.0797
step 1411 train_loss 3.1121
step 1412 train_loss 3.1681
step 1413 train_loss 3.0899
step 1414 train_loss 3.1322
step 1415 train_loss 3.0711
step 1416 train_loss 3.0782
step 1417 train_loss 3.0813
step 1418 train_loss 3.1555
step 1419 train_loss 3.1201
step 1420 train_loss 3.1119
step 1421 train_loss 3.1317
step 1422 train_loss 3.1014
step 1423 train_loss 3.1099
step 1424 train_loss 3.1223
step 1425 train_loss 3.0897
step 1426 train_loss 3.0390
step 1427 train_loss 3.1080
step 1428 train_loss 3.0816
step 1429 train_loss 3.0808
step 1430 train_loss 3.1796
step 1431 train_loss 3.1442
step 1432 train_loss 3.0778
step 1433 train_loss 3.0445
step 1434 train_loss 3.1146
step 1435 train_loss 3.0478
step 1436 train_loss 3.0633
step 1437 train_loss 3.1125
step 1438 train_loss 3.0508
step 1439 train_loss 3.0551
step 1440 train_loss 3.0193
step 1441 train_loss 3.0625
step 1442 train_loss 3.1283
step 1443 train_loss 3.1057
step 1444 train_loss 3.1070
step 1445 train_loss 3.0778
step 1446 train_loss 3.0308
step 1447 train_loss 3.1031
step 1448 train_loss 3.0324
step 1449 train_loss 3.0038
step 1450 train_loss 3.1442 val_loss 3.8276 expert_frac [0.50, 0.50, 0.50, 0.50] aux 8.0133
step 1451 train_loss 3.0490
step 1452 train_loss 3.0189
step 1453 train_loss 3.1076
step 1454 train_loss 3.1199
step 1455 train_loss 3.1139
step 1456 train_loss 3.0511
step 1457 train_loss 3.0462
step 1458 train_loss 3.0917
step 1459 train_loss 3.0806
step 1460 train_loss 3.0765
step 1461 train_loss 3.1364
step 1462 train_loss 3.1562
step 1463 train_loss 3.1173
step 1464 train_loss 3.0937
step 1465 train_loss 3.0332
step 1466 train_loss 3.0731
step 1467 train_loss 3.0699
step 1468 train_loss 3.0328
step 1469 train_loss 3.0261
step 1470 train_loss 3.0917
step 1471 train_loss 3.1072
step 1472 train_loss 3.0538
step 1473 train_loss 2.9827
step 1474 train_loss 3.0503
step 1475 train_loss 3.0640
step 1476 train_loss 3.0781
step 1477 train_loss 3.0765
step 1478 train_loss 3.0731
step 1479 train_loss 3.0445
step 1480 train_loss 3.0765
step 1481 train_loss 3.0439
step 1482 train_loss 3.0026
step 1483 train_loss 3.0134
step 1484 train_loss 3.0462
step 1485 train_loss 3.0884
step 1486 train_loss 3.0320
step 1487 train_loss 3.0474
step 1488 train_loss 3.0684
step 1489 train_loss 3.0265
step 1490 train_loss 3.0106
step 1491 train_loss 3.0076
step 1492 train_loss 3.0691
step 1493 train_loss 3.0051
step 1494 train_loss 3.1219
step 1495 train_loss 3.0127
step 1496 train_loss 3.0257
step 1497 train_loss 3.0333
step 1498 train_loss 3.0056
step 1499 train_loss 3.0433
step 1500 train_loss 3.0334 val_loss 4.0137 expert_frac [0.50, 0.50, 0.49, 0.51] aux 8.0009
step 1501 train_loss 3.0302
step 1502 train_loss 3.0444
step 1503 train_loss 3.0652
step 1504 train_loss 3.0631
step 1505 train_loss 3.0306
step 1506 train_loss 3.0639
step 1507 train_loss 3.1294
step 1508 train_loss 2.9637
step 1509 train_loss 3.0568
step 1510 train_loss 2.9865
step 1511 train_loss 3.0775
step 1512 train_loss 3.0002
step 1513 train_loss 3.0314
step 1514 train_loss 3.0555
step 1515 train_loss 2.9506
step 1516 train_loss 3.0843
step 1517 train_loss 3.0960
step 1518 train_loss 3.0476
step 1519 train_loss 2.9919
step 1520 train_loss 3.0648
step 1521 train_loss 3.0552
step 1522 train_loss 3.1102
step 1523 train_loss 3.0229
step 1524 train_loss 3.0252
step 1525 train_loss 3.0718
step 1526 train_loss 3.0700
step 1527 train_loss 2.9924
step 1528 train_loss 3.0108
step 1529 train_loss 2.9143
step 1530 train_loss 2.9717
step 1531 train_loss 2.9788
step 1532 train_loss 3.0287
step 1533 train_loss 3.0463
step 1534 train_loss 3.0277
step 1535 train_loss 3.0097
step 1536 train_loss 3.0821
step 1537 train_loss 2.9794
step 1538 train_loss 3.1178
step 1539 train_loss 3.0470
step 1540 train_loss 3.0106
step 1541 train_loss 2.9706
step 1542 train_loss 3.0505
step 1543 train_loss 3.0527
step 1544 train_loss 3.0456
step 1545 train_loss 2.9707
step 1546 train_loss 2.9435
step 1547 train_loss 3.0393
step 1548 train_loss 2.9575
step 1549 train_loss 2.9888
step 1550 train_loss 3.0140 val_loss 4.0329 expert_frac [0.49, 0.50, 0.50, 0.51] aux 8.0141
step 1551 train_loss 2.9791
step 1552 train_loss 3.0060
step 1553 train_loss 2.9581
step 1554 train_loss 3.0603
step 1555 train_loss 2.9764
step 1556 train_loss 3.0388
step 1557 train_loss 2.9979
step 1558 train_loss 2.9874
step 1559 train_loss 3.0781
step 1560 train_loss 2.9896
step 1561 train_loss 3.0042
step 1562 train_loss 3.0188
step 1563 train_loss 3.0500
step 1564 train_loss 2.9945
step 1565 train_loss 3.0043
step 1566 train_loss 2.9658
step 1567 train_loss 3.0011
step 1568 train_loss 2.9773
step 1569 train_loss 3.0227
step 1570 train_loss 2.9952
step 1571 train_loss 3.0499
step 1572 train_loss 3.0065
step 1573 train_loss 3.0155
step 1574 train_loss 3.0443
step 1575 train_loss 3.0408
step 1576 train_loss 2.9935
step 1577 train_loss 3.0339
step 1578 train_loss 3.0068
step 1579 train_loss 2.9868
step 1580 train_loss 3.0225
step 1581 train_loss 2.9702
step 1582 train_loss 2.9887
step 1583 train_loss 2.9793
step 1584 train_loss 2.9930
step 1585 train_loss 2.8470
step 1586 train_loss 2.9423
step 1587 train_loss 3.0140
step 1588 train_loss 3.0336
step 1589 train_loss 3.0120
step 1590 train_loss 3.0303
step 1591 train_loss 3.0731
step 1592 train_loss 2.9885
step 1593 train_loss 2.8858
step 1594 train_loss 2.8715
step 1595 train_loss 2.9203
step 1596 train_loss 2.9679
step 1597 train_loss 2.9986
step 1598 train_loss 3.0305
step 1599 train_loss 2.9827
step 1600 train_loss 2.9133 val_loss 4.0198 expert_frac [0.50, 0.50, 0.49, 0.51] aux 8.0091
step 1601 train_loss 2.9689
step 1602 train_loss 3.0044
step 1603 train_loss 2.9016
step 1604 train_loss 3.0124
step 1605 train_loss 2.9694
step 1606 train_loss 3.0411
step 1607 train_loss 2.9974
step 1608 train_loss 2.9609
step 1609 train_loss 2.8737
step 1610 train_loss 3.0091
step 1611 train_loss 2.9602
step 1612 train_loss 2.9791
step 1613 train_loss 2.9543
step 1614 train_loss 2.9846
step 1615 train_loss 2.9886
step 1616 train_loss 2.9106
step 1617 train_loss 3.0724
step 1618 train_loss 2.9617
step 1619 train_loss 2.9309
step 1620 train_loss 2.9615
step 1621 train_loss 2.9345
step 1622 train_loss 2.9443
step 1623 train_loss 2.9170
step 1624 train_loss 2.9720
step 1625 train_loss 2.9879
step 1626 train_loss 2.9695
step 1627 train_loss 2.8907
step 1628 train_loss 2.9634
step 1629 train_loss 2.9723
step 1630 train_loss 2.8700
step 1631 train_loss 2.9232
step 1632 train_loss 2.9727
step 1633 train_loss 2.9293
step 1634 train_loss 2.9223
step 1635 train_loss 2.8807
step 1636 train_loss 2.9371
step 1637 train_loss 3.0107
step 1638 train_loss 3.0410
step 1639 train_loss 2.9884
step 1640 train_loss 2.9967
step 1641 train_loss 2.9424
step 1642 train_loss 2.9187
step 1643 train_loss 2.9589
step 1644 train_loss 2.8704
step 1645 train_loss 2.9326
step 1646 train_loss 2.9741
step 1647 train_loss 2.8876
step 1648 train_loss 2.9270
step 1649 train_loss 2.9509
step 1650 train_loss 2.8935 val_loss 3.9131 expert_frac [0.50, 0.51, 0.49, 0.50] aux 8.0097
step 1651 train_loss 2.9768
step 1652 train_loss 2.9528
step 1653 train_loss 2.9749
step 1654 train_loss 2.9044
step 1655 train_loss 2.9694
step 1656 train_loss 3.0127
step 1657 train_loss 2.9414
step 1658 train_loss 2.9362
step 1659 train_loss 2.9020
step 1660 train_loss 2.9608
step 1661 train_loss 2.9555
step 1662 train_loss 2.9551
step 1663 train_loss 2.9918
step 1664 train_loss 2.8140
step 1665 train_loss 2.9975
step 1666 train_loss 2.8735
step 1667 train_loss 2.9515
step 1668 train_loss 2.9445
step 1669 train_loss 2.9364
step 1670 train_loss 2.9087
step 1671 train_loss 2.9716
step 1672 train_loss 2.9032
step 1673 train_loss 2.9470
step 1674 train_loss 2.9066
step 1675 train_loss 2.9031
step 1676 train_loss 2.9039
step 1677 train_loss 2.9285
step 1678 train_loss 2.9346
step 1679 train_loss 2.9080
step 1680 train_loss 2.9554
step 1681 train_loss 2.8907
step 1682 train_loss 2.8932
step 1683 train_loss 2.8240
step 1684 train_loss 2.9146
step 1685 train_loss 2.9511
step 1686 train_loss 2.9034
step 1687 train_loss 2.9208
step 1688 train_loss 2.9073
step 1689 train_loss 2.8836
step 1690 train_loss 2.8699
step 1691 train_loss 2.8326
step 1692 train_loss 2.9052
step 1693 train_loss 2.8970
step 1694 train_loss 2.8567
step 1695 train_loss 2.8384
step 1696 train_loss 2.9138
step 1697 train_loss 2.9083
step 1698 train_loss 2.8840
step 1699 train_loss 2.9148
step 1700 train_loss 2.9006 val_loss 3.9458 expert_frac [0.50, 0.50, 0.49, 0.51] aux 8.0207
step 1701 train_loss 2.8975
step 1702 train_loss 2.8904
step 1703 train_loss 2.9129
step 1704 train_loss 2.8945
step 1705 train_loss 2.9365
step 1706 train_loss 2.9310
step 1707 train_loss 2.8169
step 1708 train_loss 2.8791
step 1709 train_loss 2.8834
step 1710 train_loss 2.9200
step 1711 train_loss 2.9003
step 1712 train_loss 2.9558
step 1713 train_loss 2.9397
step 1714 train_loss 2.9198
step 1715 train_loss 2.9479
step 1716 train_loss 2.8159
step 1717 train_loss 2.9062
step 1718 train_loss 2.9100
step 1719 train_loss 2.8440
step 1720 train_loss 2.9320
step 1721 train_loss 2.8867
step 1722 train_loss 2.8708
step 1723 train_loss 2.8780
step 1724 train_loss 2.9327
step 1725 train_loss 2.7714
step 1726 train_loss 2.8959
step 1727 train_loss 2.9014
step 1728 train_loss 2.8899
step 1729 train_loss 2.7441
step 1730 train_loss 2.9189
step 1731 train_loss 2.8814
step 1732 train_loss 2.9375
step 1733 train_loss 2.9525
step 1734 train_loss 2.8541
step 1735 train_loss 2.9123
step 1736 train_loss 2.8936
step 1737 train_loss 2.8111
step 1738 train_loss 2.8666
step 1739 train_loss 2.8677
step 1740 train_loss 2.9091
step 1741 train_loss 2.8248
step 1742 train_loss 2.9201
step 1743 train_loss 2.9196
step 1744 train_loss 2.8809
step 1745 train_loss 2.8735
step 1746 train_loss 2.8653
step 1747 train_loss 2.8205
step 1748 train_loss 2.8745
step 1749 train_loss 2.9578
step 1750 train_loss 2.8778 val_loss 3.8156 expert_frac [0.49, 0.50, 0.49, 0.51] aux 8.0124
step 1751 train_loss 2.8448
step 1752 train_loss 2.8332
step 1753 train_loss 2.8351
step 1754 train_loss 2.8816
step 1755 train_loss 2.8752
step 1756 train_loss 2.8476
step 1757 train_loss 2.9370
step 1758 train_loss 2.8693
step 1759 train_loss 2.8896
step 1760 train_loss 2.8918
step 1761 train_loss 2.9062
step 1762 train_loss 2.7763
step 1763 train_loss 2.9044
step 1764 train_loss 2.9233
step 1765 train_loss 2.7989
step 1766 train_loss 2.8980
step 1767 train_loss 2.8942
step 1768 train_loss 2.8920
step 1769 train_loss 2.8192
step 1770 train_loss 2.8317
step 1771 train_loss 2.8892
step 1772 train_loss 2.8427
step 1773 train_loss 2.8744
step 1774 train_loss 2.9004
step 1775 train_loss 2.9349
step 1776 train_loss 2.7849
step 1777 train_loss 2.8441
step 1778 train_loss 2.8300
step 1779 train_loss 2.8878
step 1780 train_loss 2.8562
step 1781 train_loss 2.8446
step 1782 train_loss 2.8372
step 1783 train_loss 2.8192
step 1784 train_loss 2.8767
step 1785 train_loss 2.8057
step 1786 train_loss 2.8106
step 1787 train_loss 2.7557
step 1788 train_loss 2.8092
step 1789 train_loss 2.8210
step 1790 train_loss 2.8346
step 1791 train_loss 2.8184
step 1792 train_loss 2.8950
step 1793 train_loss 2.8289
step 1794 train_loss 2.8199
step 1795 train_loss 2.8380
step 1796 train_loss 2.8254
step 1797 train_loss 2.8891
step 1798 train_loss 2.8095
step 1799 train_loss 2.8605
step 1800 train_loss 2.9061 val_loss 3.8998 expert_frac [0.50, 0.50, 0.48, 0.51] aux 8.0107
step 1801 train_loss 2.7993
step 1802 train_loss 2.8368
step 1803 train_loss 2.8627
step 1804 train_loss 2.8028
step 1805 train_loss 2.9438
step 1806 train_loss 2.8558
step 1807 train_loss 2.9000
step 1808 train_loss 2.8390
step 1809 train_loss 2.8278
step 1810 train_loss 2.8268
step 1811 train_loss 2.7910
step 1812 train_loss 2.8718
step 1813 train_loss 2.8003
step 1814 train_loss 2.8388
step 1815 train_loss 2.7919
step 1816 train_loss 2.8564
step 1817 train_loss 2.7970
step 1818 train_loss 2.7864
step 1819 train_loss 2.8785
step 1820 train_loss 2.8039
step 1821 train_loss 2.8590
step 1822 train_loss 2.8562
step 1823 train_loss 2.7797
step 1824 train_loss 2.7952
step 1825 train_loss 2.9174
step 1826 train_loss 2.8495
step 1827 train_loss 2.8233
step 1828 train_loss 2.8440
step 1829 train_loss 2.7844
step 1830 train_loss 2.8321
step 1831 train_loss 2.7968
step 1832 train_loss 2.8782
step 1833 train_loss 2.8500
step 1834 train_loss 2.8355
step 1835 train_loss 2.7674
step 1836 train_loss 2.8005
step 1837 train_loss 2.8282
step 1838 train_loss 2.8939
step 1839 train_loss 2.8499
step 1840 train_loss 2.7681
step 1841 train_loss 2.7725
step 1842 train_loss 2.7527
step 1843 train_loss 2.7946
step 1844 train_loss 2.7829
step 1845 train_loss 2.8518
step 1846 train_loss 2.8012
step 1847 train_loss 2.8094
step 1848 train_loss 2.8302
step 1849 train_loss 2.8050
step 1850 train_loss 2.7541 val_loss 4.0416 expert_frac [0.50, 0.50, 0.50, 0.50] aux 8.0070
step 1851 train_loss 2.8172
step 1852 train_loss 2.7628
step 1853 train_loss 2.8488
step 1854 train_loss 2.7713
step 1855 train_loss 2.8733
step 1856 train_loss 2.8504
step 1857 train_loss 2.7368
step 1858 train_loss 2.8771
step 1859 train_loss 2.7544
step 1860 train_loss 2.7785
step 1861 train_loss 2.7102
step 1862 train_loss 2.7978
step 1863 train_loss 2.7785
step 1864 train_loss 2.7878
step 1865 train_loss 2.7342
step 1866 train_loss 2.7875
step 1867 train_loss 2.7689
step 1868 train_loss 2.8445
step 1869 train_loss 2.7862
step 1870 train_loss 2.7713
step 1871 train_loss 2.7479
step 1872 train_loss 2.7194
step 1873 train_loss 2.8731
step 1874 train_loss 2.7574
step 1875 train_loss 2.7410
step 1876 train_loss 2.7378
step 1877 train_loss 2.8036
step 1878 train_loss 2.8066
step 1879 train_loss 2.7600
step 1880 train_loss 2.7956
step 1881 train_loss 2.8655
step 1882 train_loss 2.7233
step 1883 train_loss 2.8296
step 1884 train_loss 2.8047
step 1885 train_loss 2.7326
step 1886 train_loss 2.8262
step 1887 train_loss 2.8820
step 1888 train_loss 2.7965
step 1889 train_loss 2.7942
step 1890 train_loss 2.8019
step 1891 train_loss 2.7855
step 1892 train_loss 2.7444
step 1893 train_loss 2.7472
step 1894 train_loss 2.6803
step 1895 train_loss 2.7268
step 1896 train_loss 2.8341
step 1897 train_loss 2.6831
step 1898 train_loss 2.7572
step 1899 train_loss 2.8144
step 1900 train_loss 2.7758 val_loss 3.9646 expert_frac [0.49, 0.51, 0.48, 0.51] aux 8.0113
step 1901 train_loss 2.7744
step 1902 train_loss 2.7903
step 1903 train_loss 2.7990
step 1904 train_loss 2.8681
step 1905 train_loss 2.7935
step 1906 train_loss 2.7699
step 1907 train_loss 2.7124
step 1908 train_loss 2.8657
step 1909 train_loss 2.7900
step 1910 train_loss 2.7849
step 1911 train_loss 2.7396
step 1912 train_loss 2.7176
step 1913 train_loss 2.7405
step 1914 train_loss 2.6314
step 1915 train_loss 2.7363
step 1916 train_loss 2.7565
step 1917 train_loss 2.7218
step 1918 train_loss 2.6551
step 1919 train_loss 2.7672
step 1920 train_loss 2.7009
step 1921 train_loss 2.7387
step 1922 train_loss 2.7319
step 1923 train_loss 2.7997
step 1924 train_loss 2.7323
step 1925 train_loss 2.8435
step 1926 train_loss 2.7633
step 1927 train_loss 2.7811
step 1928 train_loss 2.6591
step 1929 train_loss 2.7372
step 1930 train_loss 2.6989
step 1931 train_loss 2.7283
step 1932 train_loss 2.7456
step 1933 train_loss 2.6926
step 1934 train_loss 2.7678
step 1935 train_loss 2.7100
step 1936 train_loss 2.7844
step 1937 train_loss 2.7427
step 1938 train_loss 2.6968
step 1939 train_loss 2.8542
step 1940 train_loss 2.7283
step 1941 train_loss 2.7213
step 1942 train_loss 2.7991
step 1943 train_loss 2.7371
step 1944 train_loss 2.8298
step 1945 train_loss 2.7978
step 1946 train_loss 2.7635
step 1947 train_loss 2.7351
step 1948 train_loss 2.6753
step 1949 train_loss 2.7038
step 1950 train_loss 2.7570 val_loss 4.0011 expert_frac [0.48, 0.49, 0.50, 0.52] aux 8.0086
step 1951 train_loss 2.7321
step 1952 train_loss 2.7181
step 1953 train_loss 2.6930
step 1954 train_loss 2.8006
step 1955 train_loss 2.7553
step 1956 train_loss 2.7557
step 1957 train_loss 2.6836
step 1958 train_loss 2.7516
step 1959 train_loss 2.7328
step 1960 train_loss 2.6669
step 1961 train_loss 2.7720
step 1962 train_loss 2.6534
step 1963 train_loss 2.7116
step 1964 train_loss 2.6715
step 1965 train_loss 2.7739
step 1966 train_loss 2.6774
step 1967 train_loss 2.6556
step 1968 train_loss 2.7059
step 1969 train_loss 2.6796
step 1970 train_loss 2.6673
step 1971 train_loss 2.7071
step 1972 train_loss 2.7431
step 1973 train_loss 2.7018
step 1974 train_loss 2.7930
step 1975 train_loss 2.7109
step 1976 train_loss 2.7070
step 1977 train_loss 2.6590
step 1978 train_loss 2.7782
step 1979 train_loss 2.7294
step 1980 train_loss 2.6891
step 1981 train_loss 2.7027
step 1982 train_loss 2.7502
step 1983 train_loss 2.7127
step 1984 train_loss 2.6409
step 1985 train_loss 2.6673
step 1986 train_loss 2.7409
step 1987 train_loss 2.7461
step 1988 train_loss 2.6789
step 1989 train_loss 2.6820
step 1990 train_loss 2.6778
step 1991 train_loss 2.6647
step 1992 train_loss 2.6843
step 1993 train_loss 2.6820
step 1994 train_loss 2.6635
step 1995 train_loss 2.6917
step 1996 train_loss 2.7050
step 1997 train_loss 2.6729
step 1998 train_loss 2.7167
step 1999 train_loss 2.6815
step 2000 train_loss 2.7368 val_loss 4.0959 expert_frac [0.50, 0.50, 0.48, 0.52] aux 8.0106
step 2001 train_loss 2.6804
step 2002 train_loss 2.7592
step 2003 train_loss 2.5972
step 2004 train_loss 2.6621
step 2005 train_loss 2.6975
step 2006 train_loss 2.6423
step 2007 train_loss 2.6141
step 2008 train_loss 2.7048
step 2009 train_loss 2.7490
step 2010 train_loss 2.7700
step 2011 train_loss 2.7275
step 2012 train_loss 2.6750
step 2013 train_loss 2.6507
step 2014 train_loss 2.6394
step 2015 train_loss 2.6555
step 2016 train_loss 2.7732
step 2017 train_loss 2.6921
step 2018 train_loss 2.6625
step 2019 train_loss 2.6634
step 2020 train_loss 2.6491
step 2021 train_loss 2.6826
step 2022 train_loss 2.7515
step 2023 train_loss 2.5967
step 2024 train_loss 2.6935
step 2025 train_loss 2.6783
step 2026 train_loss 2.6939
step 2027 train_loss 2.7306
step 2028 train_loss 2.7784
step 2029 train_loss 2.6790
step 2030 train_loss 2.7108
step 2031 train_loss 2.7491
step 2032 train_loss 2.6843
step 2033 train_loss 2.6204
step 2034 train_loss 2.8109
step 2035 train_loss 2.6948
step 2036 train_loss 2.6797
step 2037 train_loss 2.6352
step 2038 train_loss 2.6604
step 2039 train_loss 2.7369
step 2040 train_loss 2.6538
step 2041 train_loss 2.7048
step 2042 train_loss 2.6008
step 2043 train_loss 2.6249
step 2044 train_loss 2.6248
step 2045 train_loss 2.6913
step 2046 train_loss 2.6987
step 2047 train_loss 2.6469
step 2048 train_loss 2.6709
step 2049 train_loss 2.7043
step 2050 train_loss 2.5995 val_loss 4.0507 expert_frac [0.49, 0.50, 0.49, 0.52] aux 8.0103
step 2051 train_loss 2.7023
step 2052 train_loss 2.6076
step 2053 train_loss 2.6658
step 2054 train_loss 2.6501
step 2055 train_loss 2.6280
step 2056 train_loss 2.6023
step 2057 train_loss 2.6307
step 2058 train_loss 2.7115
step 2059 train_loss 2.7068
step 2060 train_loss 2.6675
step 2061 train_loss 2.6560
step 2062 train_loss 2.5966
step 2063 train_loss 2.6818
step 2064 train_loss 2.7357
step 2065 train_loss 2.6574
step 2066 train_loss 2.7924
step 2067 train_loss 2.6840
step 2068 train_loss 2.6751
step 2069 train_loss 2.6629
step 2070 train_loss 2.6922
step 2071 train_loss 2.6537
step 2072 train_loss 2.7269
step 2073 train_loss 2.6900
step 2074 train_loss 2.6975
step 2075 train_loss 2.6539
step 2076 train_loss 2.5539
step 2077 train_loss 2.7084
step 2078 train_loss 2.7022
step 2079 train_loss 2.6717
step 2080 train_loss 2.6265
step 2081 train_loss 2.6547
step 2082 train_loss 2.6647
step 2083 train_loss 2.6198
step 2084 train_loss 2.7194
step 2085 train_loss 2.7302
step 2086 train_loss 2.6093
step 2087 train_loss 2.6246
step 2088 train_loss 2.6976
step 2089 train_loss 2.6187
step 2090 train_loss 2.5631
step 2091 train_loss 2.5989
step 2092 train_loss 2.6356
step 2093 train_loss 2.6184
step 2094 train_loss 2.7185
step 2095 train_loss 2.6301
step 2096 train_loss 2.7005
step 2097 train_loss 2.6452
step 2098 train_loss 2.5802
step 2099 train_loss 2.6506
step 2100 train_loss 2.6383 val_loss 4.0331 expert_frac [0.50, 0.50, 0.49, 0.51] aux 8.0049
step 2101 train_loss 2.6665
step 2102 train_loss 2.5149
step 2103 train_loss 2.6282
step 2104 train_loss 2.6397
step 2105 train_loss 2.5715
step 2106 train_loss 2.5357
step 2107 train_loss 2.6018
step 2108 train_loss 2.6698
step 2109 train_loss 2.5730
step 2110 train_loss 2.5582
step 2111 train_loss 2.6054
step 2112 train_loss 2.6210
step 2113 train_loss 2.6172
step 2114 train_loss 2.5537
step 2115 train_loss 2.6568
step 2116 train_loss 2.5798
step 2117 train_loss 2.7371
step 2118 train_loss 2.5764
step 2119 train_loss 2.6182
step 2120 train_loss 2.6627
step 2121 train_loss 2.5746
step 2122 train_loss 2.6621
step 2123 train_loss 2.6237
step 2124 train_loss 2.6033
step 2125 train_loss 2.6551
step 2126 train_loss 2.6467
step 2127 train_loss 2.6559
step 2128 train_loss 2.6203
step 2129 train_loss 2.6211
step 2130 train_loss 2.6392
step 2131 train_loss 2.6714
step 2132 train_loss 2.5761
step 2133 train_loss 2.6202
step 2134 train_loss 2.6259
step 2135 train_loss 2.6037
step 2136 train_loss 2.6147
step 2137 train_loss 2.5412
step 2138 train_loss 2.6167
step 2139 train_loss 2.7179
step 2140 train_loss 2.6468
step 2141 train_loss 2.6658
step 2142 train_loss 2.6691
step 2143 train_loss 2.6625
step 2144 train_loss 2.6188
step 2145 train_loss 2.5807
step 2146 train_loss 2.6846
step 2147 train_loss 2.6483
step 2148 train_loss 2.5950
step 2149 train_loss 2.6085
step 2150 train_loss 2.5832 val_loss 4.1326 expert_frac [0.50, 0.51, 0.49, 0.50] aux 8.0090
step 2151 train_loss 2.5814
step 2152 train_loss 2.6756
step 2153 train_loss 2.6698
step 2154 train_loss 2.6404
step 2155 train_loss 2.5981
step 2156 train_loss 2.6081
step 2157 train_loss 2.5898
step 2158 train_loss 2.5494
step 2159 train_loss 2.5504
step 2160 train_loss 2.5100
step 2161 train_loss 2.5833
step 2162 train_loss 2.5724
step 2163 train_loss 2.6164
step 2164 train_loss 2.6078
step 2165 train_loss 2.6392
step 2166 train_loss 2.5655
step 2167 train_loss 2.6178
step 2168 train_loss 2.5389
step 2169 train_loss 2.6436
step 2170 train_loss 2.5228
step 2171 train_loss 2.5839
step 2172 train_loss 2.5495
step 2173 train_loss 2.4813
step 2174 train_loss 2.4899
step 2175 train_loss 2.6076
step 2176 train_loss 2.5685
step 2177 train_loss 2.5950
step 2178 train_loss 2.5850
step 2179 train_loss 2.5288
step 2180 train_loss 2.5920
step 2181 train_loss 2.5282
step 2182 train_loss 2.6279
step 2183 train_loss 2.5574
step 2184 train_loss 2.6195
step 2185 train_loss 2.5854
step 2186 train_loss 2.5674
step 2187 train_loss 2.5596
step 2188 train_loss 2.6375
step 2189 train_loss 2.6196
step 2190 train_loss 2.4874
step 2191 train_loss 2.6063
step 2192 train_loss 2.5800
step 2193 train_loss 2.5723
step 2194 train_loss 2.5255
step 2195 train_loss 2.6614
step 2196 train_loss 2.6248
step 2197 train_loss 2.6199
step 2198 train_loss 2.5634
step 2199 train_loss 2.5539
step 2200 train_loss 2.5766 val_loss 4.3968 expert_frac [0.50, 0.49, 0.49, 0.51] aux 7.9991
step 2201 train_loss 2.5631
step 2202 train_loss 2.5429
step 2203 train_loss 2.5708
step 2204 train_loss 2.6259
step 2205 train_loss 2.5497
step 2206 train_loss 2.5680
step 2207 train_loss 2.6119
step 2208 train_loss 2.4868
step 2209 train_loss 2.4885
step 2210 train_loss 2.5665
step 2211 train_loss 2.5826
step 2212 train_loss 2.5177
step 2213 train_loss 2.5682
step 2214 train_loss 2.6360
step 2215 train_loss 2.5752
step 2216 train_loss 2.5972
step 2217 train_loss 2.5378
step 2218 train_loss 2.4784
step 2219 train_loss 2.6323
step 2220 train_loss 2.4910
step 2221 train_loss 2.5331
step 2222 train_loss 2.5409
step 2223 train_loss 2.5426
step 2224 train_loss 2.5901
step 2225 train_loss 2.4886
step 2226 train_loss 2.5669
step 2227 train_loss 2.5217
step 2228 train_loss 2.5814
step 2229 train_loss 2.5045
step 2230 train_loss 2.5025
step 2231 train_loss 2.5548
step 2232 train_loss 2.5379
step 2233 train_loss 2.5398
step 2234 train_loss 2.5632
step 2235 train_loss 2.5189
step 2236 train_loss 2.4551
step 2237 train_loss 2.4503
step 2238 train_loss 2.4912
step 2239 train_loss 2.4313
step 2240 train_loss 2.4984
step 2241 train_loss 2.5749
step 2242 train_loss 2.5640
step 2243 train_loss 2.5273
step 2244 train_loss 2.4758
step 2245 train_loss 2.5853
step 2246 train_loss 2.5358
step 2247 train_loss 2.5214
step 2248 train_loss 2.5228
step 2249 train_loss 2.6401
step 2250 train_loss 2.5422 val_loss 3.9731 expert_frac [0.51, 0.50, 0.48, 0.51] aux 8.0024
step 2251 train_loss 2.4598
step 2252 train_loss 2.5465
step 2253 train_loss 2.5688
step 2254 train_loss 2.5429
step 2255 train_loss 2.5854
step 2256 train_loss 2.5558
step 2257 train_loss 2.5003
step 2258 train_loss 2.4143
step 2259 train_loss 2.4545
step 2260 train_loss 2.5134
step 2261 train_loss 2.5028
step 2262 train_loss 2.4168
step 2263 train_loss 2.4480
step 2264 train_loss 2.5911
step 2265 train_loss 2.5991
step 2266 train_loss 2.4333
step 2267 train_loss 2.5215
step 2268 train_loss 2.5580
step 2269 train_loss 2.5293
step 2270 train_loss 2.5326
step 2271 train_loss 2.4678
step 2272 train_loss 2.4856
step 2273 train_loss 2.5223
step 2274 train_loss 2.4866
step 2275 train_loss 2.4896
step 2276 train_loss 2.5025
step 2277 train_loss 2.5371
step 2278 train_loss 2.5088
step 2279 train_loss 2.5547
step 2280 train_loss 2.4559
step 2281 train_loss 2.4682
step 2282 train_loss 2.4884
step 2283 train_loss 2.4241
step 2284 train_loss 2.4990
step 2285 train_loss 2.5376
step 2286 train_loss 2.4556
step 2287 train_loss 2.4884
step 2288 train_loss 2.4888
step 2289 train_loss 2.4448
step 2290 train_loss 2.5463
step 2291 train_loss 2.5026
step 2292 train_loss 2.5374
step 2293 train_loss 2.4923
step 2294 train_loss 2.5615
step 2295 train_loss 2.3469
step 2296 train_loss 2.5474
step 2297 train_loss 2.4099
step 2298 train_loss 2.4667
step 2299 train_loss 2.5111
step 2300 train_loss 2.4591 val_loss 4.1542 expert_frac [0.50, 0.50, 0.48, 0.51] aux 8.0065
step 2301 train_loss 2.3922
step 2302 train_loss 2.4937
step 2303 train_loss 2.5049
step 2304 train_loss 2.4416
step 2305 train_loss 2.4970
step 2306 train_loss 2.5277
step 2307 train_loss 2.5011
step 2308 train_loss 2.4987
step 2309 train_loss 2.4676
step 2310 train_loss 2.5644
step 2311 train_loss 2.5766
step 2312 train_loss 2.3844
step 2313 train_loss 2.4652
step 2314 train_loss 2.4541
step 2315 train_loss 2.5128
step 2316 train_loss 2.4459
step 2317 train_loss 2.4855
step 2318 train_loss 2.4581
step 2319 train_loss 2.4459
step 2320 train_loss 2.4616
step 2321 train_loss 2.4008
step 2322 train_loss 2.4200
step 2323 train_loss 2.4871
step 2324 train_loss 2.4785
step 2325 train_loss 2.5121
step 2326 train_loss 2.3850
step 2327 train_loss 2.5132
step 2328 train_loss 2.4354
step 2329 train_loss 2.4258
step 2330 train_loss 2.5247
step 2331 train_loss 2.3998
step 2332 train_loss 2.4378
step 2333 train_loss 2.4840
step 2334 train_loss 2.3639
step 2335 train_loss 2.4958
step 2336 train_loss 2.4035
step 2337 train_loss 2.4781
step 2338 train_loss 2.4795
step 2339 train_loss 2.5228
step 2340 train_loss 2.4492
step 2341 train_loss 2.4045
step 2342 train_loss 2.5075
step 2343 train_loss 2.4167
step 2344 train_loss 2.4817
step 2345 train_loss 2.4384
step 2346 train_loss 2.4881
step 2347 train_loss 2.4658
step 2348 train_loss 2.4589
step 2349 train_loss 2.4811
step 2350 train_loss 2.5150 val_loss 4.2050 expert_frac [0.51, 0.50, 0.49, 0.51] aux 8.0007
step 2351 train_loss 2.4824
step 2352 train_loss 2.4815
step 2353 train_loss 2.4091
step 2354 train_loss 2.4281
step 2355 train_loss 2.4616
step 2356 train_loss 2.5362
step 2357 train_loss 2.4810
step 2358 train_loss 2.4954
step 2359 train_loss 2.4136
step 2360 train_loss 2.4576
step 2361 train_loss 2.4186
step 2362 train_loss 2.5106
step 2363 train_loss 2.4328
step 2364 train_loss 2.4125
step 2365 train_loss 2.3877
step 2366 train_loss 2.4169
step 2367 train_loss 2.4091
step 2368 train_loss 2.4162
step 2369 train_loss 2.4770
step 2370 train_loss 2.5278
step 2371 train_loss 2.4008
step 2372 train_loss 2.5457
step 2373 train_loss 2.3827
step 2374 train_loss 2.4605
step 2375 train_loss 2.4162
step 2376 train_loss 2.4819
step 2377 train_loss 2.4841
step 2378 train_loss 2.4473
step 2379 train_loss 2.3793
step 2380 train_loss 2.5018
step 2381 train_loss 2.4320
step 2382 train_loss 2.4099
step 2383 train_loss 2.3868
step 2384 train_loss 2.3877
step 2385 train_loss 2.4349
step 2386 train_loss 2.3175
step 2387 train_loss 2.5208
step 2388 train_loss 2.3370
step 2389 train_loss 2.4107
step 2390 train_loss 2.4691
step 2391 train_loss 2.3624
step 2392 train_loss 2.3670
step 2393 train_loss 2.3888
step 2394 train_loss 2.4190
step 2395 train_loss 2.4402
step 2396 train_loss 2.4489
step 2397 train_loss 2.4785
step 2398 train_loss 2.3828
step 2399 train_loss 2.3724
step 2400 train_loss 2.4663 val_loss 4.1828 expert_frac [0.50, 0.50, 0.49, 0.51] aux 8.0074
step 2401 train_loss 2.3244
step 2402 train_loss 2.4214
step 2403 train_loss 2.5104
step 2404 train_loss 2.3989
step 2405 train_loss 2.4106
step 2406 train_loss 2.4031
step 2407 train_loss 2.4639
step 2408 train_loss 2.4138
step 2409 train_loss 2.2788
step 2410 train_loss 2.3409
step 2411 train_loss 2.3723
step 2412 train_loss 2.4008
step 2413 train_loss 2.3855
step 2414 train_loss 2.4129
step 2415 train_loss 2.4345
step 2416 train_loss 2.4231
step 2417 train_loss 2.3710
step 2418 train_loss 2.3737
step 2419 train_loss 2.3835
step 2420 train_loss 2.3250
step 2421 train_loss 2.3538
step 2422 train_loss 2.4240
step 2423 train_loss 2.4581
step 2424 train_loss 2.3824
step 2425 train_loss 2.4731
step 2426 train_loss 2.4515
step 2427 train_loss 2.4271
step 2428 train_loss 2.4160
step 2429 train_loss 2.4534
step 2430 train_loss 2.3563
step 2431 train_loss 2.3721
step 2432 train_loss 2.3722
step 2433 train_loss 2.3700
step 2434 train_loss 2.4356
step 2435 train_loss 2.3593
step 2436 train_loss 2.4520
step 2437 train_loss 2.3871
step 2438 train_loss 2.3895
step 2439 train_loss 2.3920
step 2440 train_loss 2.3745
step 2441 train_loss 2.4198
step 2442 train_loss 2.3556
step 2443 train_loss 2.3334
step 2444 train_loss 2.4262
step 2445 train_loss 2.3856
step 2446 train_loss 2.3830
step 2447 train_loss 2.3924
step 2448 train_loss 2.4055
step 2449 train_loss 2.3220
step 2450 train_loss 2.3662 val_loss 4.4038 expert_frac [0.50, 0.50, 0.50, 0.50] aux 8.0020
step 2451 train_loss 2.3164
step 2452 train_loss 2.3479
step 2453 train_loss 2.4519
step 2454 train_loss 2.3196
step 2455 train_loss 2.4309
step 2456 train_loss 2.2948
step 2457 train_loss 2.4243
step 2458 train_loss 2.2869
step 2459 train_loss 2.3809
step 2460 train_loss 2.2739
step 2461 train_loss 2.3504
step 2462 train_loss 2.3592
step 2463 train_loss 2.2954
step 2464 train_loss 2.4442
step 2465 train_loss 2.4061
step 2466 train_loss 2.3521
step 2467 train_loss 2.3600
step 2468 train_loss 2.4101
step 2469 train_loss 2.2797
step 2470 train_loss 2.4240
step 2471 train_loss 2.3968
step 2472 train_loss 2.2327
step 2473 train_loss 2.3840
step 2474 train_loss 2.4201
step 2475 train_loss 2.4127
step 2476 train_loss 2.3083
step 2477 train_loss 2.3041
step 2478 train_loss 2.3329
step 2479 train_loss 2.3777
step 2480 train_loss 2.3570
step 2481 train_loss 2.3512
step 2482 train_loss 2.3351
step 2483 train_loss 2.3429
step 2484 train_loss 2.3840
step 2485 train_loss 2.4025
step 2486 train_loss 2.2883
step 2487 train_loss 2.3702
step 2488 train_loss 2.3254
step 2489 train_loss 2.3326
step 2490 train_loss 2.3039
step 2491 train_loss 2.3548
step 2492 train_loss 2.3265
step 2493 train_loss 2.3096
step 2494 train_loss 2.3817
step 2495 train_loss 2.3665
step 2496 train_loss 2.4053
step 2497 train_loss 2.3211
step 2498 train_loss 2.3649
step 2499 train_loss 2.3370
step 2500 train_loss 2.3368 val_loss 4.3289 expert_frac [0.50, 0.50, 0.50, 0.50] aux 8.0056
step 2501 train_loss 2.3735
step 2502 train_loss 2.3260
step 2503 train_loss 2.3608
step 2504 train_loss 2.3265
step 2505 train_loss 2.3257
step 2506 train_loss 2.3630
step 2507 train_loss 2.3105
step 2508 train_loss 2.4023
step 2509 train_loss 2.2688
step 2510 train_loss 2.3746
step 2511 train_loss 2.3372
step 2512 train_loss 2.4050
step 2513 train_loss 2.4014
step 2514 train_loss 2.2302
step 2515 train_loss 2.3998
step 2516 train_loss 2.3174
step 2517 train_loss 2.3393
step 2518 train_loss 2.3254
step 2519 train_loss 2.3352
step 2520 train_loss 2.3340
step 2521 train_loss 2.2908
step 2522 train_loss 2.4127
step 2523 train_loss 2.3451
step 2524 train_loss 2.3312
step 2525 train_loss 2.2860
step 2526 train_loss 2.3093
step 2527 train_loss 2.2737
step 2528 train_loss 2.3074
step 2529 train_loss 2.3574
step 2530 train_loss 2.2846
step 2531 train_loss 2.2943
step 2532 train_loss 2.3780
step 2533 train_loss 2.2871
step 2534 train_loss 2.3219
step 2535 train_loss 2.2808
step 2536 train_loss 2.2660
step 2537 train_loss 2.3225
step 2538 train_loss 2.4107
step 2539 train_loss 2.1867
step 2540 train_loss 2.3350
step 2541 train_loss 2.3321
step 2542 train_loss 2.3476
step 2543 train_loss 2.2289
step 2544 train_loss 2.2254
step 2545 train_loss 2.3916
step 2546 train_loss 2.3399
step 2547 train_loss 2.2998
step 2548 train_loss 2.3165
step 2549 train_loss 2.3086
step 2550 train_loss 2.1771 val_loss 4.2969 expert_frac [0.50, 0.50, 0.50, 0.50] aux 8.0034
step 2551 train_loss 2.3367
step 2552 train_loss 2.2629
step 2553 train_loss 2.2758
step 2554 train_loss 2.3445
step 2555 train_loss 2.2303
step 2556 train_loss 2.1883
step 2557 train_loss 2.3867
step 2558 train_loss 2.3476
step 2559 train_loss 2.2192
step 2560 train_loss 2.2856
step 2561 train_loss 2.2736
step 2562 train_loss 2.2765
step 2563 train_loss 2.3300
step 2564 train_loss 2.3029
step 2565 train_loss 2.3082
step 2566 train_loss 2.2257
step 2567 train_loss 2.4048
step 2568 train_loss 2.3170
step 2569 train_loss 2.2713
step 2570 train_loss 2.2246
step 2571 train_loss 2.3045
step 2572 train_loss 2.3407
step 2573 train_loss 2.3243
step 2574 train_loss 2.1874
step 2575 train_loss 2.3247
step 2576 train_loss 2.3235
step 2577 train_loss 2.2989
step 2578 train_loss 2.2632
step 2579 train_loss 2.2483
step 2580 train_loss 2.2363
step 2581 train_loss 2.2823
step 2582 train_loss 2.2779
step 2583 train_loss 2.2953
step 2584 train_loss 2.2961
step 2585 train_loss 2.3188
step 2586 train_loss 2.2676
step 2587 train_loss 2.3052
step 2588 train_loss 2.2631
step 2589 train_loss 2.2871
step 2590 train_loss 2.2633
step 2591 train_loss 2.2576
step 2592 train_loss 2.3347
step 2593 train_loss 2.3226
step 2594 train_loss 2.2937
step 2595 train_loss 2.3005
step 2596 train_loss 2.3084
step 2597 train_loss 2.2707
step 2598 train_loss 2.3656
step 2599 train_loss 2.2323
step 2600 train_loss 2.3053 val_loss 4.4489 expert_frac [0.49, 0.51, 0.50, 0.50] aux 8.0082
step 2601 train_loss 2.1881
step 2602 train_loss 2.3189
step 2603 train_loss 2.2207
step 2604 train_loss 2.2833
step 2605 train_loss 2.2581
step 2606 train_loss 2.2319
step 2607 train_loss 2.1471
step 2608 train_loss 2.2837
step 2609 train_loss 2.2627
step 2610 train_loss 2.2399
step 2611 train_loss 2.1356
step 2612 train_loss 2.3536
step 2613 train_loss 2.2518
step 2614 train_loss 2.2715
step 2615 train_loss 2.2925
step 2616 train_loss 2.2803
step 2617 train_loss 2.1883
step 2618 train_loss 2.2707
step 2619 train_loss 2.3390
step 2620 train_loss 2.2378
step 2621 train_loss 2.2192
step 2622 train_loss 2.2604
step 2623 train_loss 2.3043
step 2624 train_loss 2.1566
step 2625 train_loss 2.2319
step 2626 train_loss 2.2826
step 2627 train_loss 2.1896
step 2628 train_loss 2.2737
step 2629 train_loss 2.1662
step 2630 train_loss 2.2089
step 2631 train_loss 2.2173
step 2632 train_loss 2.2628
step 2633 train_loss 2.1886
step 2634 train_loss 2.3218
step 2635 train_loss 2.2408
step 2636 train_loss 2.3074
step 2637 train_loss 2.3808
step 2638 train_loss 2.2539
step 2639 train_loss 2.2090
step 2640 train_loss 2.2260
step 2641 train_loss 2.2211
step 2642 train_loss 2.2668
step 2643 train_loss 2.2355
step 2644 train_loss 2.3304
step 2645 train_loss 2.2613
step 2646 train_loss 2.2849
step 2647 train_loss 2.3313
step 2648 train_loss 2.2148
step 2649 train_loss 2.2050
step 2650 train_loss 2.2433 val_loss 4.7172 expert_frac [0.50, 0.50, 0.49, 0.51] aux 8.0037
step 2651 train_loss 2.2688
step 2652 train_loss 2.1059
step 2653 train_loss 2.1993
step 2654 train_loss 2.1984
step 2655 train_loss 2.1582
step 2656 train_loss 2.2927
step 2657 train_loss 2.2360
step 2658 train_loss 2.2221
step 2659 train_loss 2.2774
step 2660 train_loss 2.2495
step 2661 train_loss 2.2974
step 2662 train_loss 2.1703
step 2663 train_loss 2.2272
step 2664 train_loss 2.1716
step 2665 train_loss 2.1991
step 2666 train_loss 2.3390
step 2667 train_loss 2.2346
step 2668 train_loss 2.2146
step 2669 train_loss 2.2005
step 2670 train_loss 2.2330
step 2671 train_loss 2.2104
step 2672 train_loss 2.2558
step 2673 train_loss 2.1935
step 2674 train_loss 2.0963
step 2675 train_loss 2.2119
step 2676 train_loss 2.2669
step 2677 train_loss 2.2495
step 2678 train_loss 2.2108
step 2679 train_loss 2.0369
step 2680 train_loss 2.2068
step 2681 train_loss 2.2571
step 2682 train_loss 2.2169
step 2683 train_loss 2.1740
step 2684 train_loss 2.1607
step 2685 train_loss 2.2025
step 2686 train_loss 2.1555
step 2687 train_loss 2.1056
step 2688 train_loss 2.2267
step 2689 train_loss 2.2879
step 2690 train_loss 2.2036
step 2691 train_loss 2.2068
step 2692 train_loss 2.1819
step 2693 train_loss 2.2663
step 2694 train_loss 2.1308
step 2695 train_loss 2.1197
step 2696 train_loss 2.1870
step 2697 train_loss 2.1784
step 2698 train_loss 2.1635
step 2699 train_loss 2.1908
step 2700 train_loss 2.2731 val_loss 4.4716 expert_frac [0.51, 0.49, 0.49, 0.51] aux 8.0056
step 2701 train_loss 2.2329
step 2702 train_loss 2.1834
step 2703 train_loss 2.2050
step 2704 train_loss 2.2151
step 2705 train_loss 2.2378
step 2706 train_loss 2.1771
step 2707 train_loss 2.2979
step 2708 train_loss 2.1359
step 2709 train_loss 2.2014
step 2710 train_loss 2.2317
step 2711 train_loss 2.1875
step 2712 train_loss 2.1792
step 2713 train_loss 2.1365
step 2714 train_loss 2.2388
step 2715 train_loss 2.1984
step 2716 train_loss 2.2371
step 2717 train_loss 2.1369
step 2718 train_loss 2.1093
step 2719 train_loss 2.1701
step 2720 train_loss 2.1609
step 2721 train_loss 2.1766
step 2722 train_loss 2.1319
step 2723 train_loss 2.2475
step 2724 train_loss 2.1248
step 2725 train_loss 2.1469
step 2726 train_loss 2.2905
step 2727 train_loss 2.1176
step 2728 train_loss 2.2448
step 2729 train_loss 2.1876
step 2730 train_loss 2.1583
step 2731 train_loss 2.1765
step 2732 train_loss 2.2507
step 2733 train_loss 2.2103
step 2734 train_loss 2.1127
step 2735 train_loss 2.0972
step 2736 train_loss 2.1346
step 2737 train_loss 2.1620
step 2738 train_loss 2.1789
step 2739 train_loss 2.1300
step 2740 train_loss 2.1742
step 2741 train_loss 2.0757
step 2742 train_loss 2.1873
step 2743 train_loss 2.1315
step 2744 train_loss 2.2274
step 2745 train_loss 2.1472
step 2746 train_loss 2.2169
step 2747 train_loss 2.3078
step 2748 train_loss 2.1956
step 2749 train_loss 2.1471
step 2750 train_loss 2.1941 val_loss 4.4498 expert_frac [0.50, 0.51, 0.48, 0.50] aux 8.0073
step 2751 train_loss 2.1944
step 2752 train_loss 2.1604
step 2753 train_loss 2.1763
step 2754 train_loss 2.1944
step 2755 train_loss 2.1810
step 2756 train_loss 2.1677
step 2757 train_loss 2.1674
step 2758 train_loss 2.1055
step 2759 train_loss 2.1089
step 2760 train_loss 2.1281
step 2761 train_loss 2.1968
step 2762 train_loss 2.1907
step 2763 train_loss 2.1730
step 2764 train_loss 2.2022
step 2765 train_loss 2.1631
step 2766 train_loss 2.0467
step 2767 train_loss 2.0774
step 2768 train_loss 2.2672
step 2769 train_loss 2.1033
step 2770 train_loss 2.2070
step 2771 train_loss 2.1754
step 2772 train_loss 2.2406
step 2773 train_loss 2.0493
step 2774 train_loss 2.1617
step 2775 train_loss 2.1861
step 2776 train_loss 2.0877
step 2777 train_loss 2.2880
step 2778 train_loss 2.1775
step 2779 train_loss 2.1721
step 2780 train_loss 2.2372
step 2781 train_loss 2.1243
step 2782 train_loss 2.1211
step 2783 train_loss 2.1148
step 2784 train_loss 2.1624
step 2785 train_loss 2.0847
step 2786 train_loss 2.0798
step 2787 train_loss 2.1185
step 2788 train_loss 2.1027
step 2789 train_loss 2.1634
step 2790 train_loss 2.1597
step 2791 train_loss 2.1416
step 2792 train_loss 2.0553
step 2793 train_loss 2.1850
step 2794 train_loss 2.2288
step 2795 train_loss 2.0642
step 2796 train_loss 2.2013
step 2797 train_loss 2.0566
step 2798 train_loss 2.1342
step 2799 train_loss 2.0783
step 2800 train_loss 2.1638 val_loss 4.4699 expert_frac [0.50, 0.50, 0.49, 0.51] aux 8.0064
step 2801 train_loss 2.1294
step 2802 train_loss 2.1550
step 2803 train_loss 2.1358
step 2804 train_loss 2.1020
step 2805 train_loss 2.1525
step 2806 train_loss 2.1690
step 2807 train_loss 2.1242
step 2808 train_loss 2.1529
step 2809 train_loss 2.0615
step 2810 train_loss 2.0545
step 2811 train_loss 2.1519
step 2812 train_loss 2.1666
step 2813 train_loss 2.1082
step 2814 train_loss 2.1509
step 2815 train_loss 2.0635
step 2816 train_loss 2.1166
step 2817 train_loss 2.1743
step 2818 train_loss 2.1288
step 2819 train_loss 2.1807
step 2820 train_loss 2.0729
step 2821 train_loss 2.0994
step 2822 train_loss 2.1185
step 2823 train_loss 2.1311
step 2824 train_loss 2.0746
step 2825 train_loss 2.0347
step 2826 train_loss 2.1161
step 2827 train_loss 2.1448
step 2828 train_loss 2.1694
step 2829 train_loss 2.0639
step 2830 train_loss 2.0974
step 2831 train_loss 2.1101
step 2832 train_loss 2.2420
step 2833 train_loss 2.0349
step 2834 train_loss 2.0955
step 2835 train_loss 2.1284
step 2836 train_loss 2.0942
step 2837 train_loss 2.0749
step 2838 train_loss 2.0600
step 2839 train_loss 2.1122
step 2840 train_loss 2.1303
step 2841 train_loss 2.1025
step 2842 train_loss 2.0897
step 2843 train_loss 2.1726
step 2844 train_loss 1.9865
step 2845 train_loss 2.0987
step 2846 train_loss 2.0188
step 2847 train_loss 2.1447
step 2848 train_loss 2.1804
step 2849 train_loss 2.1339
step 2850 train_loss 2.0380 val_loss 4.6908 expert_frac [0.50, 0.50, 0.50, 0.50] aux 8.0192
step 2851 train_loss 2.1636
step 2852 train_loss 2.1290
step 2853 train_loss 2.0798
step 2854 train_loss 2.0376
step 2855 train_loss 2.0436
step 2856 train_loss 2.0866
step 2857 train_loss 2.0924
step 2858 train_loss 1.9657
step 2859 train_loss 2.0032
step 2860 train_loss 2.0467
step 2861 train_loss 2.0702
step 2862 train_loss 2.1145
step 2863 train_loss 2.0588
step 2864 train_loss 1.9470
step 2865 train_loss 2.0816
step 2866 train_loss 2.1274
step 2867 train_loss 2.1126
step 2868 train_loss 2.0798
step 2869 train_loss 2.0444
step 2870 train_loss 2.0815
step 2871 train_loss 2.0705
step 2872 train_loss 2.1460
step 2873 train_loss 2.1080
step 2874 train_loss 2.0072
step 2875 train_loss 1.9979
step 2876 train_loss 2.0912
step 2877 train_loss 2.0708
step 2878 train_loss 2.0702
step 2879 train_loss 2.1136
step 2880 train_loss 2.0628
step 2881 train_loss 2.0737
step 2882 train_loss 2.0211
step 2883 train_loss 2.0329
step 2884 train_loss 2.0509
step 2885 train_loss 2.0747
step 2886 train_loss 2.0803
step 2887 train_loss 2.0469
step 2888 train_loss 1.9944
step 2889 train_loss 2.0713
step 2890 train_loss 1.9805
step 2891 train_loss 2.0699
step 2892 train_loss 2.0616
step 2893 train_loss 1.9669
step 2894 train_loss 2.0942
step 2895 train_loss 2.0515
step 2896 train_loss 2.0413
step 2897 train_loss 2.1206
step 2898 train_loss 1.9974
step 2899 train_loss 1.9967
step 2900 train_loss 1.9798 val_loss 4.6805 expert_frac [0.51, 0.49, 0.49, 0.51] aux 8.0021
step 2901 train_loss 2.0552
step 2902 train_loss 1.9688
step 2903 train_loss 2.0220
step 2904 train_loss 2.0532
step 2905 train_loss 2.0215
step 2906 train_loss 2.0389
step 2907 train_loss 1.9953
step 2908 train_loss 1.9879
step 2909 train_loss 1.9813
step 2910 train_loss 1.9757
step 2911 train_loss 2.0563
step 2912 train_loss 1.9967
step 2913 train_loss 2.0290
step 2914 train_loss 2.0798
step 2915 train_loss 2.0176
step 2916 train_loss 2.1202
step 2917 train_loss 2.0844
step 2918 train_loss 2.0264
step 2919 train_loss 2.1260
step 2920 train_loss 2.0895
step 2921 train_loss 2.0576
step 2922 train_loss 1.9698
step 2923 train_loss 1.9710
step 2924 train_loss 2.0482
step 2925 train_loss 2.0493
step 2926 train_loss 2.0715
step 2927 train_loss 2.0488
step 2928 train_loss 2.1347
step 2929 train_loss 2.0408
step 2930 train_loss 2.1614
step 2931 train_loss 2.0753
step 2932 train_loss 1.9757
step 2933 train_loss 1.9325
step 2934 train_loss 2.0214
step 2935 train_loss 2.0520
step 2936 train_loss 2.0558
step 2937 train_loss 1.9862
step 2938 train_loss 1.9578
step 2939 train_loss 1.9731
step 2940 train_loss 1.9819
step 2941 train_loss 1.9684
step 2942 train_loss 2.0710
step 2943 train_loss 2.0860
step 2944 train_loss 2.0117
step 2945 train_loss 2.0572
step 2946 train_loss 2.0995
step 2947 train_loss 2.0169
step 2948 train_loss 1.9560
step 2949 train_loss 2.1042
step 2950 train_loss 2.0830 val_loss 4.7279 expert_frac [0.50, 0.50, 0.49, 0.51] aux 8.0039
step 2951 train_loss 1.9803
step 2952 train_loss 2.0108
step 2953 train_loss 1.9781
step 2954 train_loss 1.9530
step 2955 train_loss 1.9554
step 2956 train_loss 1.9608
step 2957 train_loss 1.9692
step 2958 train_loss 1.9626
step 2959 train_loss 2.0206
step 2960 train_loss 2.0335
step 2961 train_loss 1.9876
step 2962 train_loss 1.9005
step 2963 train_loss 2.0263
step 2964 train_loss 1.9152
step 2965 train_loss 2.0346
step 2966 train_loss 1.9813
step 2967 train_loss 2.0246
step 2968 train_loss 1.9850
step 2969 train_loss 1.9489
step 2970 train_loss 1.9263
step 2971 train_loss 1.9028
step 2972 train_loss 1.9038
step 2973 train_loss 1.9304
step 2974 train_loss 2.0046
step 2975 train_loss 2.0059
step 2976 train_loss 1.9804
step 2977 train_loss 2.0574
step 2978 train_loss 2.0701
step 2979 train_loss 1.9962
step 2980 train_loss 2.0172
step 2981 train_loss 2.0897
step 2982 train_loss 2.0339
step 2983 train_loss 1.9502
step 2984 train_loss 1.9970
step 2985 train_loss 1.8731
step 2986 train_loss 2.0132
step 2987 train_loss 1.9988
step 2988 train_loss 1.9740
step 2989 train_loss 2.0937
step 2990 train_loss 1.9143
step 2991 train_loss 1.9853
step 2992 train_loss 2.0185
step 2993 train_loss 2.0220
step 2994 train_loss 1.9949
step 2995 train_loss 2.0167
step 2996 train_loss 1.9254
step 2997 train_loss 2.0726
step 2998 train_loss 1.9649
step 2999 train_loss 2.0322 val_loss 4.9172 expert_frac [0.50, 0.50, 0.49, 0.51] aux 7.9996
timing training_seconds 10252.73
timing steps_per_second 0.29
timing total_seconds 10434.21
